Node 0 MemTotal:       32581320 kB
Node 0 MemFree:        25128224 kB
Node 0 MemUsed:         7453096 kB
Node 0 Active:           912068 kB
Node 0 Inactive:        6015644 kB
Node 0 Active(anon):       9044 kB
Node 0 Inactive(anon):  5407388 kB
Node 0 Active(file):     903024 kB
Node 0 Inactive(file):   608256 kB
Node 0 Unevictable:       89044 kB
Node 0 Mlocked:              64 kB
Node 0 Dirty:              1516 kB
Node 0 Writeback:             0 kB
Node 0 FilePages:       2178748 kB
Node 0 Mapped:           915612 kB
Node 0 AnonPages:       4838092 kB
Node 0 Shmem:            667472 kB
Node 0 KernelStack:       22528 kB
Node 0 PageTables:        63808 kB
Node 0 NFS_Unstable:          0 kB
Node 0 Bounce:                0 kB
Node 0 WritebackTmp:          0 kB
Node 0 KReclaimable:      93716 kB
Node 0 Slab:             252488 kB
Node 0 SReclaimable:      93716 kB
Node 0 SUnreclaim:       158772 kB
Node 0 AnonHugePages:         0 kB
Node 0 ShmemHugePages:        0 kB
Node 0 ShmemPmdMapped:        0 kB
Node 0 FileHugePages:        0 kB
Node 0 FilePmdMapped:        0 kB
Node 0 HugePages_Total:     0
Node 0 HugePages_Free:      0
Node 0 HugePages_Surp:      0
Name:	sh
Umask:	0022
State:	S (sleeping)
Tgid:	250707
Ngid:	0
Pid:	250707
PPid:	250691
TracerPid:	0
Uid:	0	0	0	0
Gid:	0	0	0	0
FDSize:	256
Groups:	0 
NStgid:	250707
NSpid:	250707
NSpgid:	250690
NSsid:	49746
VmPeak:	    2616 kB
VmSize:	    2616 kB
VmLck:	       0 kB
VmPin:	       0 kB
VmHWM:	     608 kB
VmRSS:	     608 kB
RssAnon:	      68 kB
RssFile:	     540 kB
RssShmem:	       0 kB
VmData:	     188 kB
VmStk:	     132 kB
VmExe:	      76 kB
VmLib:	    1652 kB
VmPTE:	      44 kB
VmSwap:	       0 kB
HugetlbPages:	       0 kB
CoreDumping:	0
THP_enabled:	1
Threads:	1
SigQ:	0/127044
SigPnd:	0000000000000000
ShdPnd:	0000000000000000
SigBlk:	0000000000000000
SigIgn:	0000000000000006
SigCgt:	0000000000010000
CapInh:	0000000000000000
CapPrm:	000001ffffffffff
CapEff:	000001ffffffffff
CapBnd:	000001ffffffffff
CapAmb:	0000000000000000
NoNewPrivs:	0
Seccomp:	0
Seccomp_filters:	0
Speculation_Store_Bypass:	thread vulnerable
Cpus_allowed:	fff
Cpus_allowed_list:	0-11
Mems_allowed:	00000000,00000000,00000000,00000000,00000000,00000000,00000000,00000000,00000000,00000000,00000000,00000000,00000000,00000000,00000000,00000000,00000000,00000000,00000000,00000000,00000000,00000000,00000000,00000000,00000000,00000000,00000000,00000000,00000000,00000000,00000000,00000001
Mems_allowed_list:	0
voluntary_ctxt_switches:	2
nonvoluntary_ctxt_switches:	0
Name:	sh
Umask:	0022
State:	S (sleeping)
Tgid:	250707
Ngid:	0
Pid:	250707
PPid:	250691
TracerPid:	0
Uid:	0	0	0	0
Gid:	0	0	0	0
FDSize:	256
Groups:	0 
NStgid:	250707
NSpid:	250707
NSpgid:	250690
NSsid:	49746
VmPeak:	    2616 kB
VmSize:	    2616 kB
VmLck:	       0 kB
VmPin:	       0 kB
VmHWM:	     608 kB
VmRSS:	     608 kB
RssAnon:	      68 kB
RssFile:	     540 kB
RssShmem:	       0 kB
VmData:	     188 kB
VmStk:	     132 kB
VmExe:	      76 kB
VmLib:	    1652 kB
VmPTE:	      44 kB
VmSwap:	       0 kB
HugetlbPages:	       0 kB
CoreDumping:	0
THP_enabled:	1
Threads:	1
SigQ:	1/127044
SigPnd:	0000000000000000
ShdPnd:	0000000000000000
SigBlk:	0000000000000000
SigIgn:	0000000000000006
SigCgt:	0000000000010000
CapInh:	0000000000000000
CapPrm:	000001ffffffffff
CapEff:	000001ffffffffff
CapBnd:	000001ffffffffff
CapAmb:	0000000000000000
NoNewPrivs:	0
Seccomp:	0
Seccomp_filters:	0
Speculation_Store_Bypass:	thread vulnerable
Cpus_allowed:	fff
Cpus_allowed_list:	0-11
Mems_allowed:	00000000,00000000,00000000,00000000,00000000,00000000,00000000,00000000,00000000,00000000,00000000,00000000,00000000,00000000,00000000,00000000,00000000,00000000,00000000,00000000,00000000,00000000,00000000,00000000,00000000,00000000,00000000,00000000,00000000,00000000,00000000,00000001
Mems_allowed_list:	0
voluntary_ctxt_switches:	2
nonvoluntary_ctxt_switches:	0
Node 0 MemTotal:       32581320 kB
Node 0 MemFree:        25128392 kB
Node 0 MemUsed:         7452928 kB
Node 0 Active:           912068 kB
Node 0 Inactive:        6013324 kB
Node 0 Active(anon):       9044 kB
Node 0 Inactive(anon):  5405068 kB
Node 0 Active(file):     903024 kB
Node 0 Inactive(file):   608256 kB
Node 0 Unevictable:       89044 kB
Node 0 Mlocked:              64 kB
Node 0 Dirty:              1516 kB
Node 0 Writeback:             0 kB
Node 0 FilePages:       2178748 kB
Node 0 Mapped:           915904 kB
Node 0 AnonPages:       4836048 kB
Node 0 Shmem:            667472 kB
Node 0 KernelStack:       22528 kB
Node 0 PageTables:        63808 kB
Node 0 NFS_Unstable:          0 kB
Node 0 Bounce:                0 kB
Node 0 WritebackTmp:          0 kB
Node 0 KReclaimable:      93716 kB
Node 0 Slab:             252488 kB
Node 0 SReclaimable:      93716 kB
Node 0 SUnreclaim:       158772 kB
Node 0 AnonHugePages:         0 kB
Node 0 ShmemHugePages:        0 kB
Node 0 ShmemPmdMapped:        0 kB
Node 0 FileHugePages:        0 kB
Node 0 FilePmdMapped:        0 kB
Node 0 HugePages_Total:     0
Node 0 HugePages_Free:      0
Node 0 HugePages_Surp:      0
Name:	sh
Umask:	0022
State:	S (sleeping)
Tgid:	250707
Ngid:	0
Pid:	250707
PPid:	250691
TracerPid:	0
Uid:	0	0	0	0
Gid:	0	0	0	0
FDSize:	256
Groups:	0 
NStgid:	250707
NSpid:	250707
NSpgid:	250690
NSsid:	49746
VmPeak:	    2616 kB
VmSize:	    2616 kB
VmLck:	       0 kB
VmPin:	       0 kB
VmHWM:	     608 kB
VmRSS:	     608 kB
RssAnon:	      68 kB
RssFile:	     540 kB
RssShmem:	       0 kB
VmData:	     188 kB
VmStk:	     132 kB
VmExe:	      76 kB
VmLib:	    1652 kB
VmPTE:	      44 kB
VmSwap:	       0 kB
HugetlbPages:	       0 kB
CoreDumping:	0
THP_enabled:	1
Threads:	1
SigQ:	1/127044
SigPnd:	0000000000000000
ShdPnd:	0000000000000000
SigBlk:	0000000000000000
SigIgn:	0000000000000006
SigCgt:	0000000000010000
CapInh:	0000000000000000
CapPrm:	000001ffffffffff
CapEff:	000001ffffffffff
CapBnd:	000001ffffffffff
CapAmb:	0000000000000000
NoNewPrivs:	0
Seccomp:	0
Seccomp_filters:	0
Speculation_Store_Bypass:	thread vulnerable
Cpus_allowed:	fff
Cpus_allowed_list:	0-11
Mems_allowed:	00000000,00000000,00000000,00000000,00000000,00000000,00000000,00000000,00000000,00000000,00000000,00000000,00000000,00000000,00000000,00000000,00000000,00000000,00000000,00000000,00000000,00000000,00000000,00000000,00000000,00000000,00000000,00000000,00000000,00000000,00000000,00000001
Mems_allowed_list:	0
voluntary_ctxt_switches:	2
nonvoluntary_ctxt_switches:	0
Node 0 MemTotal:       32581320 kB
Node 0 MemFree:        25126128 kB
Node 0 MemUsed:         7455192 kB
Node 0 Active:           912068 kB
Node 0 Inactive:        6013260 kB
Node 0 Active(anon):       9044 kB
Node 0 Inactive(anon):  5405004 kB
Node 0 Active(file):     903024 kB
Node 0 Inactive(file):   608256 kB
Node 0 Unevictable:       91380 kB
Node 0 Mlocked:              64 kB
Node 0 Dirty:              1516 kB
Node 0 Writeback:             0 kB
Node 0 FilePages:       2181084 kB
Node 0 Mapped:           916196 kB
Node 0 AnonPages:       4836004 kB
Node 0 Shmem:            669808 kB
Node 0 KernelStack:       22368 kB
Node 0 PageTables:        64244 kB
Node 0 NFS_Unstable:          0 kB
Node 0 Bounce:                0 kB
Node 0 WritebackTmp:          0 kB
Node 0 KReclaimable:      93716 kB
Node 0 Slab:             252784 kB
Node 0 SReclaimable:      93716 kB
Node 0 SUnreclaim:       159068 kB
Node 0 AnonHugePages:         0 kB
Node 0 ShmemHugePages:        0 kB
Node 0 ShmemPmdMapped:        0 kB
Node 0 FileHugePages:        0 kB
Node 0 FilePmdMapped:        0 kB
Node 0 HugePages_Total:     0
Node 0 HugePages_Free:      0
Node 0 HugePages_Surp:      0
Node 0 MemTotal:       32581320 kB
Node 0 MemFree:        25126092 kB
Node 0 MemUsed:         7455228 kB
Node 0 Active:           912068 kB
Node 0 Inactive:        6012676 kB
Node 0 Active(anon):       9044 kB
Node 0 Inactive(anon):  5404420 kB
Node 0 Active(file):     903024 kB
Node 0 Inactive(file):   608256 kB
Node 0 Unevictable:       91380 kB
Node 0 Mlocked:              64 kB
Node 0 Dirty:              1516 kB
Node 0 Writeback:             0 kB
Node 0 FilePages:       2181084 kB
Node 0 Mapped:           916488 kB
Node 0 AnonPages:       4835420 kB
Node 0 Shmem:            669808 kB
Node 0 KernelStack:       22368 kB
Node 0 PageTables:        63808 kB
Node 0 NFS_Unstable:          0 kB
Node 0 Bounce:                0 kB
Node 0 WritebackTmp:          0 kB
Node 0 KReclaimable:      93716 kB
Node 0 Slab:             253080 kB
Node 0 SReclaimable:      93716 kB
Node 0 SUnreclaim:       159364 kB
Node 0 AnonHugePages:         0 kB
Node 0 ShmemHugePages:        0 kB
Node 0 ShmemPmdMapped:        0 kB
Node 0 FileHugePages:        0 kB
Node 0 FilePmdMapped:        0 kB
Node 0 HugePages_Total:     0
Node 0 HugePages_Free:      0
Node 0 HugePages_Surp:      0
Name:	sh
Umask:	0022
State:	S (sleeping)
Tgid:	250707
Ngid:	0
Pid:	250707
PPid:	250691
TracerPid:	0
Uid:	0	0	0	0
Gid:	0	0	0	0
FDSize:	256
Groups:	0 
NStgid:	250707
NSpid:	250707
NSpgid:	250690
NSsid:	49746
VmPeak:	    2616 kB
VmSize:	    2616 kB
VmLck:	       0 kB
VmPin:	       0 kB
VmHWM:	     608 kB
VmRSS:	     608 kB
RssAnon:	      68 kB
RssFile:	     540 kB
RssShmem:	       0 kB
VmData:	     188 kB
VmStk:	     132 kB
VmExe:	      76 kB
VmLib:	    1652 kB
VmPTE:	      44 kB
VmSwap:	       0 kB
HugetlbPages:	       0 kB
CoreDumping:	0
THP_enabled:	1
Threads:	1
SigQ:	1/127044
SigPnd:	0000000000000000
ShdPnd:	0000000000000000
SigBlk:	0000000000000000
SigIgn:	0000000000000006
SigCgt:	0000000000010000
CapInh:	0000000000000000
CapPrm:	000001ffffffffff
CapEff:	000001ffffffffff
CapBnd:	000001ffffffffff
CapAmb:	0000000000000000
NoNewPrivs:	0
Seccomp:	0
Seccomp_filters:	0
Speculation_Store_Bypass:	thread vulnerable
Cpus_allowed:	fff
Cpus_allowed_list:	0-11
Mems_allowed:	00000000,00000000,00000000,00000000,00000000,00000000,00000000,00000000,00000000,00000000,00000000,00000000,00000000,00000000,00000000,00000000,00000000,00000000,00000000,00000000,00000000,00000000,00000000,00000000,00000000,00000000,00000000,00000000,00000000,00000000,00000000,00000001
Mems_allowed_list:	0
voluntary_ctxt_switches:	2
nonvoluntary_ctxt_switches:	0
Node 0 MemTotal:       32581320 kB
Node 0 MemFree:        25124516 kB
Node 0 MemUsed:         7456804 kB
Node 0 Active:           912068 kB
Node 0 Inactive:        6013552 kB
Node 0 Active(anon):       9044 kB
Node 0 Inactive(anon):  5405296 kB
Node 0 Active(file):     903024 kB
Node 0 Inactive(file):   608256 kB
Node 0 Unevictable:       91380 kB
Node 0 Mlocked:              64 kB
Node 0 Dirty:              1516 kB
Node 0 Writeback:             0 kB
Node 0 FilePages:       2181084 kB
Node 0 Mapped:           916196 kB
Node 0 AnonPages:       4836296 kB
Node 0 Shmem:            669808 kB
Node 0 KernelStack:       22368 kB
Node 0 PageTables:        64244 kB
Node 0 NFS_Unstable:          0 kB
Node 0 Bounce:                0 kB
Node 0 WritebackTmp:          0 kB
Node 0 KReclaimable:      93716 kB
Node 0 Slab:             253080 kB
Node 0 SReclaimable:      93716 kB
Node 0 SUnreclaim:       159364 kB
Node 0 AnonHugePages:         0 kB
Node 0 ShmemHugePages:        0 kB
Node 0 ShmemPmdMapped:        0 kB
Node 0 FileHugePages:        0 kB
Node 0 FilePmdMapped:        0 kB
Node 0 HugePages_Total:     0
Node 0 HugePages_Free:      0
Node 0 HugePages_Surp:      0
Name:	sh
Umask:	0022
State:	S (sleeping)
Tgid:	250707
Ngid:	0
Pid:	250707
PPid:	250691
TracerPid:	0
Uid:	0	0	0	0
Gid:	0	0	0	0
FDSize:	256
Groups:	0 
NStgid:	250707
NSpid:	250707
NSpgid:	250690
NSsid:	49746
VmPeak:	    2616 kB
VmSize:	    2616 kB
VmLck:	       0 kB
VmPin:	       0 kB
VmHWM:	     608 kB
VmRSS:	     608 kB
RssAnon:	      68 kB
RssFile:	     540 kB
RssShmem:	       0 kB
VmData:	     188 kB
VmStk:	     132 kB
VmExe:	      76 kB
VmLib:	    1652 kB
VmPTE:	      44 kB
VmSwap:	       0 kB
HugetlbPages:	       0 kB
CoreDumping:	0
THP_enabled:	1
Threads:	1
SigQ:	1/127044
SigPnd:	0000000000000000
ShdPnd:	0000000000000000
SigBlk:	0000000000000000
SigIgn:	0000000000000006
SigCgt:	0000000000010000
CapInh:	0000000000000000
CapPrm:	000001ffffffffff
CapEff:	000001ffffffffff
CapBnd:	000001ffffffffff
CapAmb:	0000000000000000
NoNewPrivs:	0
Seccomp:	0
Seccomp_filters:	0
Speculation_Store_Bypass:	thread vulnerable
Cpus_allowed:	fff
Cpus_allowed_list:	0-11
Mems_allowed:	00000000,00000000,00000000,00000000,00000000,00000000,00000000,00000000,00000000,00000000,00000000,00000000,00000000,00000000,00000000,00000000,00000000,00000000,00000000,00000000,00000000,00000000,00000000,00000000,00000000,00000000,00000000,00000000,00000000,00000000,00000000,00000001
Mems_allowed_list:	0
voluntary_ctxt_switches:	2
nonvoluntary_ctxt_switches:	0
Name:	sh
Umask:	0022
State:	S (sleeping)
Tgid:	250707
Ngid:	0
Pid:	250707
PPid:	250691
TracerPid:	0
Uid:	0	0	0	0
Gid:	0	0	0	0
FDSize:	256
Groups:	0 
NStgid:	250707
NSpid:	250707
NSpgid:	250690
NSsid:	49746
VmPeak:	    2616 kB
VmSize:	    2616 kB
VmLck:	       0 kB
VmPin:	       0 kB
VmHWM:	     608 kB
VmRSS:	     608 kB
RssAnon:	      68 kB
RssFile:	     540 kB
RssShmem:	       0 kB
VmData:	     188 kB
VmStk:	     132 kB
VmExe:	      76 kB
VmLib:	    1652 kB
VmPTE:	      44 kB
VmSwap:	       0 kB
HugetlbPages:	       0 kB
CoreDumping:	0
THP_enabled:	1
Threads:	1
SigQ:	2/127044
SigPnd:	0000000000000000
ShdPnd:	0000000000000000
SigBlk:	0000000000000000
SigIgn:	0000000000000006
SigCgt:	0000000000010000
CapInh:	0000000000000000
CapPrm:	000001ffffffffff
CapEff:	000001ffffffffff
CapBnd:	000001ffffffffff
CapAmb:	0000000000000000
NoNewPrivs:	0
Seccomp:	0
Seccomp_filters:	0
Speculation_Store_Bypass:	thread vulnerable
Cpus_allowed:	fff
Cpus_allowed_list:	0-11
Mems_allowed:	00000000,00000000,00000000,00000000,00000000,00000000,00000000,00000000,00000000,00000000,00000000,00000000,00000000,00000000,00000000,00000000,00000000,00000000,00000000,00000000,00000000,00000000,00000000,00000000,00000000,00000000,00000000,00000000,00000000,00000000,00000000,00000001
Mems_allowed_list:	0
voluntary_ctxt_switches:	2
nonvoluntary_ctxt_switches:	0
Node 0 MemTotal:       32581320 kB
Node 0 MemFree:        25124928 kB
Node 0 MemUsed:         7456392 kB
Node 0 Active:           912068 kB
Node 0 Inactive:        6013552 kB
Node 0 Active(anon):       9044 kB
Node 0 Inactive(anon):  5405296 kB
Node 0 Active(file):     903024 kB
Node 0 Inactive(file):   608256 kB
Node 0 Unevictable:       91380 kB
Node 0 Mlocked:              64 kB
Node 0 Dirty:              1516 kB
Node 0 Writeback:             0 kB
Node 0 FilePages:       2181084 kB
Node 0 Mapped:           916196 kB
Node 0 AnonPages:       4836004 kB
Node 0 Shmem:            669808 kB
Node 0 KernelStack:       22448 kB
Node 0 PageTables:        64244 kB
Node 0 NFS_Unstable:          0 kB
Node 0 Bounce:                0 kB
Node 0 WritebackTmp:          0 kB
Node 0 KReclaimable:      93716 kB
Node 0 Slab:             253376 kB
Node 0 SReclaimable:      93716 kB
Node 0 SUnreclaim:       159660 kB
Node 0 AnonHugePages:         0 kB
Node 0 ShmemHugePages:        0 kB
Node 0 ShmemPmdMapped:        0 kB
Node 0 FileHugePages:        0 kB
Node 0 FilePmdMapped:        0 kB
Node 0 HugePages_Total:     0
Node 0 HugePages_Free:      0
Node 0 HugePages_Surp:      0
Name:	sh
Umask:	0022
State:	S (sleeping)
Tgid:	250707
Ngid:	0
Pid:	250707
PPid:	250691
TracerPid:	0
Uid:	0	0	0	0
Gid:	0	0	0	0
FDSize:	256
Groups:	0 
NStgid:	250707
NSpid:	250707
NSpgid:	250690
NSsid:	49746
VmPeak:	    2616 kB
VmSize:	    2616 kB
VmLck:	       0 kB
VmPin:	       0 kB
VmHWM:	     608 kB
VmRSS:	     608 kB
RssAnon:	      68 kB
RssFile:	     540 kB
RssShmem:	       0 kB
VmData:	     188 kB
VmStk:	     132 kB
VmExe:	      76 kB
VmLib:	    1652 kB
VmPTE:	      44 kB
VmSwap:	       0 kB
HugetlbPages:	       0 kB
CoreDumping:	0
THP_enabled:	1
Threads:	1
SigQ:	1/127044
SigPnd:	0000000000000000
ShdPnd:	0000000000000000
SigBlk:	0000000000000000
SigIgn:	0000000000000006
SigCgt:	0000000000010000
CapInh:	0000000000000000
CapPrm:	000001ffffffffff
CapEff:	000001ffffffffff
CapBnd:	000001ffffffffff
CapAmb:	0000000000000000
NoNewPrivs:	0
Seccomp:	0
Seccomp_filters:	0
Speculation_Store_Bypass:	thread vulnerable
Cpus_allowed:	fff
Cpus_allowed_list:	0-11
Mems_allowed:	00000000,00000000,00000000,00000000,00000000,00000000,00000000,00000000,00000000,00000000,00000000,00000000,00000000,00000000,00000000,00000000,00000000,00000000,00000000,00000000,00000000,00000000,00000000,00000000,00000000,00000000,00000000,00000000,00000000,00000000,00000000,00000001
Mems_allowed_list:	0
voluntary_ctxt_switches:	2
nonvoluntary_ctxt_switches:	0
Node 0 MemTotal:       32581320 kB
Node 0 MemFree:        25124796 kB
Node 0 MemUsed:         7456524 kB
Node 0 Active:           912068 kB
Node 0 Inactive:        6012968 kB
Node 0 Active(anon):       9044 kB
Node 0 Inactive(anon):  5404712 kB
Node 0 Active(file):     903024 kB
Node 0 Inactive(file):   608256 kB
Node 0 Unevictable:       91380 kB
Node 0 Mlocked:              64 kB
Node 0 Dirty:              1516 kB
Node 0 Writeback:             0 kB
Node 0 FilePages:       2181084 kB
Node 0 Mapped:           916196 kB
Node 0 AnonPages:       4835712 kB
Node 0 Shmem:            669808 kB
Node 0 KernelStack:       22448 kB
Node 0 PageTables:        63808 kB
Node 0 NFS_Unstable:          0 kB
Node 0 Bounce:                0 kB
Node 0 WritebackTmp:          0 kB
Node 0 KReclaimable:      93716 kB
Node 0 Slab:             253672 kB
Node 0 SReclaimable:      93716 kB
Node 0 SUnreclaim:       159956 kB
Node 0 AnonHugePages:         0 kB
Node 0 ShmemHugePages:        0 kB
Node 0 ShmemPmdMapped:        0 kB
Node 0 FileHugePages:        0 kB
Node 0 FilePmdMapped:        0 kB
Node 0 HugePages_Total:     0
Node 0 HugePages_Free:      0
Node 0 HugePages_Surp:      0
Name:	sh
Umask:	0022
State:	S (sleeping)
Tgid:	250707
Ngid:	0
Pid:	250707
PPid:	250691
TracerPid:	0
Uid:	0	0	0	0
Gid:	0	0	0	0
FDSize:	256
Groups:	0 
NStgid:	250707
NSpid:	250707
NSpgid:	250690
NSsid:	49746
VmPeak:	    2616 kB
VmSize:	    2616 kB
VmLck:	       0 kB
VmPin:	       0 kB
VmHWM:	     608 kB
VmRSS:	     608 kB
RssAnon:	      68 kB
RssFile:	     540 kB
RssShmem:	       0 kB
VmData:	     188 kB
VmStk:	     132 kB
VmExe:	      76 kB
VmLib:	    1652 kB
VmPTE:	      44 kB
VmSwap:	       0 kB
HugetlbPages:	       0 kB
CoreDumping:	0
THP_enabled:	1
Threads:	1
SigQ:	1/127044
SigPnd:	0000000000000000
ShdPnd:	0000000000000000
SigBlk:	0000000000000000
SigIgn:	0000000000000006
SigCgt:	0000000000010000
CapInh:	0000000000000000
CapPrm:	000001ffffffffff
CapEff:	000001ffffffffff
CapBnd:	000001ffffffffff
CapAmb:	0000000000000000
NoNewPrivs:	0
Seccomp:	0
Seccomp_filters:	0
Speculation_Store_Bypass:	thread vulnerable
Cpus_allowed:	fff
Cpus_allowed_list:	0-11
Mems_allowed:	00000000,00000000,00000000,00000000,00000000,00000000,00000000,00000000,00000000,00000000,00000000,00000000,00000000,00000000,00000000,00000000,00000000,00000000,00000000,00000000,00000000,00000000,00000000,00000000,00000000,00000000,00000000,00000000,00000000,00000000,00000000,00000001
Mems_allowed_list:	0
voluntary_ctxt_switches:	2
nonvoluntary_ctxt_switches:	0
Node 0 MemTotal:       32581320 kB
Node 0 MemFree:        25124192 kB
Node 0 MemUsed:         7457128 kB
Node 0 Active:           912068 kB
Node 0 Inactive:        6013552 kB
Node 0 Active(anon):       9044 kB
Node 0 Inactive(anon):  5405296 kB
Node 0 Active(file):     903024 kB
Node 0 Inactive(file):   608256 kB
Node 0 Unevictable:       91380 kB
Node 0 Mlocked:              64 kB
Node 0 Dirty:              1516 kB
Node 0 Writeback:             0 kB
Node 0 FilePages:       2181084 kB
Node 0 Mapped:           916196 kB
Node 0 AnonPages:       4836296 kB
Node 0 Shmem:            669808 kB
Node 0 KernelStack:       22288 kB
Node 0 PageTables:        64244 kB
Node 0 NFS_Unstable:          0 kB
Node 0 Bounce:                0 kB
Node 0 WritebackTmp:          0 kB
Node 0 KReclaimable:      93716 kB
Node 0 Slab:             253672 kB
Node 0 SReclaimable:      93716 kB
Node 0 SUnreclaim:       159956 kB
Node 0 AnonHugePages:         0 kB
Node 0 ShmemHugePages:        0 kB
Node 0 ShmemPmdMapped:        0 kB
Node 0 FileHugePages:        0 kB
Node 0 FilePmdMapped:        0 kB
Node 0 HugePages_Total:     0
Node 0 HugePages_Free:      0
Node 0 HugePages_Surp:      0
Name:	sh
Umask:	0022
State:	S (sleeping)
Tgid:	250707
Ngid:	0
Pid:	250707
PPid:	250691
TracerPid:	0
Uid:	0	0	0	0
Gid:	0	0	0	0
FDSize:	256
Groups:	0 
NStgid:	250707
NSpid:	250707
NSpgid:	250690
NSsid:	49746
VmPeak:	    2616 kB
VmSize:	    2616 kB
VmLck:	       0 kB
VmPin:	       0 kB
VmHWM:	     608 kB
VmRSS:	     608 kB
RssAnon:	      68 kB
RssFile:	     540 kB
RssShmem:	       0 kB
VmData:	     188 kB
VmStk:	     132 kB
VmExe:	      76 kB
VmLib:	    1652 kB
VmPTE:	      44 kB
VmSwap:	       0 kB
HugetlbPages:	       0 kB
CoreDumping:	0
THP_enabled:	1
Threads:	1
SigQ:	1/127044
SigPnd:	0000000000000000
ShdPnd:	0000000000000000
SigBlk:	0000000000000000
SigIgn:	0000000000000006
SigCgt:	0000000000010000
CapInh:	0000000000000000
CapPrm:	000001ffffffffff
CapEff:	000001ffffffffff
CapBnd:	000001ffffffffff
CapAmb:	0000000000000000
NoNewPrivs:	0
Seccomp:	0
Seccomp_filters:	0
Speculation_Store_Bypass:	thread vulnerable
Cpus_allowed:	fff
Cpus_allowed_list:	0-11
Mems_allowed:	00000000,00000000,00000000,00000000,00000000,00000000,00000000,00000000,00000000,00000000,00000000,00000000,00000000,00000000,00000000,00000000,00000000,00000000,00000000,00000000,00000000,00000000,00000000,00000000,00000000,00000000,00000000,00000000,00000000,00000000,00000000,00000001
Mems_allowed_list:	0
voluntary_ctxt_switches:	2
nonvoluntary_ctxt_switches:	0
Node 0 MemTotal:       32581320 kB
Node 0 MemFree:        25124320 kB
Node 0 MemUsed:         7457000 kB
Node 0 Active:           912068 kB
Node 0 Inactive:        6013260 kB
Node 0 Active(anon):       9044 kB
Node 0 Inactive(anon):  5405004 kB
Node 0 Active(file):     903024 kB
Node 0 Inactive(file):   608256 kB
Node 0 Unevictable:       91380 kB
Node 0 Mlocked:              64 kB
Node 0 Dirty:              1516 kB
Node 0 Writeback:             0 kB
Node 0 FilePages:       2181084 kB
Node 0 Mapped:           916196 kB
Node 0 AnonPages:       4835712 kB
Node 0 Shmem:            669808 kB
Node 0 KernelStack:       22448 kB
Node 0 PageTables:        63808 kB
Node 0 NFS_Unstable:          0 kB
Node 0 Bounce:                0 kB
Node 0 WritebackTmp:          0 kB
Node 0 KReclaimable:      93716 kB
Node 0 Slab:             253968 kB
Node 0 SReclaimable:      93716 kB
Node 0 SUnreclaim:       160252 kB
Node 0 AnonHugePages:         0 kB
Node 0 ShmemHugePages:        0 kB
Node 0 ShmemPmdMapped:        0 kB
Node 0 FileHugePages:        0 kB
Node 0 FilePmdMapped:        0 kB
Node 0 HugePages_Total:     0
Node 0 HugePages_Free:      0
Node 0 HugePages_Surp:      0
Name:	sh
Umask:	0022
State:	S (sleeping)
Tgid:	250707
Ngid:	0
Pid:	250707
PPid:	250691
TracerPid:	0
Uid:	0	0	0	0
Gid:	0	0	0	0
FDSize:	256
Groups:	0 
NStgid:	250707
NSpid:	250707
NSpgid:	250690
NSsid:	49746
VmPeak:	    2616 kB
VmSize:	    2616 kB
VmLck:	       0 kB
VmPin:	       0 kB
VmHWM:	     608 kB
VmRSS:	     608 kB
RssAnon:	      68 kB
RssFile:	     540 kB
RssShmem:	       0 kB
VmData:	     188 kB
VmStk:	     132 kB
VmExe:	      76 kB
VmLib:	    1652 kB
VmPTE:	      44 kB
VmSwap:	       0 kB
HugetlbPages:	       0 kB
CoreDumping:	0
THP_enabled:	1
Threads:	1
SigQ:	1/127044
SigPnd:	0000000000000000
ShdPnd:	0000000000000000
SigBlk:	0000000000000000
SigIgn:	0000000000000006
SigCgt:	0000000000010000
CapInh:	0000000000000000
CapPrm:	000001ffffffffff
CapEff:	000001ffffffffff
CapBnd:	000001ffffffffff
CapAmb:	0000000000000000
NoNewPrivs:	0
Seccomp:	0
Seccomp_filters:	0
Speculation_Store_Bypass:	thread vulnerable
Cpus_allowed:	fff
Cpus_allowed_list:	0-11
Mems_allowed:	00000000,00000000,00000000,00000000,00000000,00000000,00000000,00000000,00000000,00000000,00000000,00000000,00000000,00000000,00000000,00000000,00000000,00000000,00000000,00000000,00000000,00000000,00000000,00000000,00000000,00000000,00000000,00000000,00000000,00000000,00000000,00000001
Mems_allowed_list:	0
voluntary_ctxt_switches:	2
nonvoluntary_ctxt_switches:	0
Node 0 MemTotal:       32581320 kB
Node 0 MemFree:        25123380 kB
Node 0 MemUsed:         7457940 kB
Node 0 Active:           912068 kB
Node 0 Inactive:        6013844 kB
Node 0 Active(anon):       9044 kB
Node 0 Inactive(anon):  5405588 kB
Node 0 Active(file):     903024 kB
Node 0 Inactive(file):   608256 kB
Node 0 Unevictable:       91380 kB
Node 0 Mlocked:              64 kB
Node 0 Dirty:              1516 kB
Node 0 Writeback:             0 kB
Node 0 FilePages:       2181084 kB
Node 0 Mapped:           916196 kB
Node 0 AnonPages:       4836004 kB
Node 0 Shmem:            669808 kB
Node 0 KernelStack:       22448 kB
Node 0 PageTables:        63808 kB
Node 0 NFS_Unstable:          0 kB
Node 0 Bounce:                0 kB
Node 0 WritebackTmp:          0 kB
Node 0 KReclaimable:      93716 kB
Node 0 Slab:             253968 kB
Node 0 SReclaimable:      93716 kB
Node 0 SUnreclaim:       160252 kB
Node 0 AnonHugePages:         0 kB
Node 0 ShmemHugePages:        0 kB
Node 0 ShmemPmdMapped:        0 kB
Node 0 FileHugePages:        0 kB
Node 0 FilePmdMapped:        0 kB
Node 0 HugePages_Total:     0
Node 0 HugePages_Free:      0
Node 0 HugePages_Surp:      0
Name:	sh
Umask:	0022
State:	S (sleeping)
Tgid:	250707
Ngid:	0
Pid:	250707
PPid:	250691
TracerPid:	0
Uid:	0	0	0	0
Gid:	0	0	0	0
FDSize:	256
Groups:	0 
NStgid:	250707
NSpid:	250707
NSpgid:	250690
NSsid:	49746
VmPeak:	    2616 kB
VmSize:	    2616 kB
VmLck:	       0 kB
VmPin:	       0 kB
VmHWM:	     608 kB
VmRSS:	     608 kB
RssAnon:	      68 kB
RssFile:	     540 kB
RssShmem:	       0 kB
VmData:	     188 kB
VmStk:	     132 kB
VmExe:	      76 kB
VmLib:	    1652 kB
VmPTE:	      44 kB
VmSwap:	       0 kB
HugetlbPages:	       0 kB
CoreDumping:	0
THP_enabled:	1
Threads:	1
SigQ:	1/127044
SigPnd:	0000000000000000
ShdPnd:	0000000000000000
SigBlk:	0000000000000000
SigIgn:	0000000000000006
SigCgt:	0000000000010000
CapInh:	0000000000000000
CapPrm:	000001ffffffffff
CapEff:	000001ffffffffff
CapBnd:	000001ffffffffff
CapAmb:	0000000000000000
NoNewPrivs:	0
Seccomp:	0
Seccomp_filters:	0
Speculation_Store_Bypass:	thread vulnerable
Cpus_allowed:	fff
Cpus_allowed_list:	0-11
Mems_allowed:	00000000,00000000,00000000,00000000,00000000,00000000,00000000,00000000,00000000,00000000,00000000,00000000,00000000,00000000,00000000,00000000,00000000,00000000,00000000,00000000,00000000,00000000,00000000,00000000,00000000,00000000,00000000,00000000,00000000,00000000,00000000,00000001
Mems_allowed_list:	0
voluntary_ctxt_switches:	2
nonvoluntary_ctxt_switches:	0
Node 0 MemTotal:       32581320 kB
Node 0 MemFree:        25122784 kB
Node 0 MemUsed:         7458536 kB
Node 0 Active:           912068 kB
Node 0 Inactive:        6013552 kB
Node 0 Active(anon):       9044 kB
Node 0 Inactive(anon):  5405296 kB
Node 0 Active(file):     903024 kB
Node 0 Inactive(file):   608256 kB
Node 0 Unevictable:       91380 kB
Node 0 Mlocked:              64 kB
Node 0 Dirty:              1516 kB
Node 0 Writeback:             0 kB
Node 0 FilePages:       2181084 kB
Node 0 Mapped:           915904 kB
Node 0 AnonPages:       4835712 kB
Node 0 Shmem:            669808 kB
Node 0 KernelStack:       22288 kB
Node 0 PageTables:        63808 kB
Node 0 NFS_Unstable:          0 kB
Node 0 Bounce:                0 kB
Node 0 WritebackTmp:          0 kB
Node 0 KReclaimable:      93716 kB
Node 0 Slab:             253968 kB
Node 0 SReclaimable:      93716 kB
Node 0 SUnreclaim:       160252 kB
Node 0 AnonHugePages:         0 kB
Node 0 ShmemHugePages:        0 kB
Node 0 ShmemPmdMapped:        0 kB
Node 0 FileHugePages:        0 kB
Node 0 FilePmdMapped:        0 kB
Node 0 HugePages_Total:     0
Node 0 HugePages_Free:      0
Node 0 HugePages_Surp:      0
Node 0 MemTotal:       32581320 kB
Node 0 MemFree:        25123504 kB
Node 0 MemUsed:         7457816 kB
Node 0 Active:           912068 kB
Node 0 Inactive:        6013260 kB
Node 0 Active(anon):       9044 kB
Node 0 Inactive(anon):  5405004 kB
Node 0 Active(file):     903024 kB
Node 0 Inactive(file):   608256 kB
Node 0 Unevictable:       91380 kB
Node 0 Mlocked:              64 kB
Node 0 Dirty:              1516 kB
Node 0 Writeback:             0 kB
Node 0 FilePages:       2181084 kB
Node 0 Mapped:           915612 kB
Node 0 AnonPages:       4835712 kB
Node 0 Shmem:            669808 kB
Node 0 KernelStack:       22288 kB
Node 0 PageTables:        63808 kB
Node 0 NFS_Unstable:          0 kB
Node 0 Bounce:                0 kB
Node 0 WritebackTmp:          0 kB
Node 0 KReclaimable:      93716 kB
Node 0 Slab:             253672 kB
Node 0 SReclaimable:      93716 kB
Node 0 SUnreclaim:       159956 kB
Node 0 AnonHugePages:         0 kB
Node 0 ShmemHugePages:        0 kB
Node 0 ShmemPmdMapped:        0 kB
Node 0 FileHugePages:        0 kB
Node 0 FilePmdMapped:        0 kB
Node 0 HugePages_Total:     0
Node 0 HugePages_Free:      0
Node 0 HugePages_Surp:      0
Name:	sh
Umask:	0022
State:	S (sleeping)
Tgid:	250707
Ngid:	0
Pid:	250707
PPid:	250691
TracerPid:	0
Uid:	0	0	0	0
Gid:	0	0	0	0
FDSize:	256
Groups:	0 
NStgid:	250707
NSpid:	250707
NSpgid:	250690
NSsid:	49746
VmPeak:	    2616 kB
VmSize:	    2616 kB
VmLck:	       0 kB
VmPin:	       0 kB
VmHWM:	     608 kB
VmRSS:	     608 kB
RssAnon:	      68 kB
RssFile:	     540 kB
RssShmem:	       0 kB
VmData:	     188 kB
VmStk:	     132 kB
VmExe:	      76 kB
VmLib:	    1652 kB
VmPTE:	      44 kB
VmSwap:	       0 kB
HugetlbPages:	       0 kB
CoreDumping:	0
THP_enabled:	1
Threads:	1
SigQ:	1/127044
SigPnd:	0000000000000000
ShdPnd:	0000000000000000
SigBlk:	0000000000000000
SigIgn:	0000000000000006
SigCgt:	0000000000010000
CapInh:	0000000000000000
CapPrm:	000001ffffffffff
CapEff:	000001ffffffffff
CapBnd:	000001ffffffffff
CapAmb:	0000000000000000
NoNewPrivs:	0
Seccomp:	0
Seccomp_filters:	0
Speculation_Store_Bypass:	thread vulnerable
Cpus_allowed:	fff
Cpus_allowed_list:	0-11
Mems_allowed:	00000000,00000000,00000000,00000000,00000000,00000000,00000000,00000000,00000000,00000000,00000000,00000000,00000000,00000000,00000000,00000000,00000000,00000000,00000000,00000000,00000000,00000000,00000000,00000000,00000000,00000000,00000000,00000000,00000000,00000000,00000000,00000001
Mems_allowed_list:	0
voluntary_ctxt_switches:	2
nonvoluntary_ctxt_switches:	0
Node 0 MemTotal:       32581320 kB
Node 0 MemFree:        25122808 kB
Node 0 MemUsed:         7458512 kB
Node 0 Active:           912068 kB
Node 0 Inactive:        6014136 kB
Node 0 Active(anon):       9044 kB
Node 0 Inactive(anon):  5405880 kB
Node 0 Active(file):     903024 kB
Node 0 Inactive(file):   608256 kB
Node 0 Unevictable:       91380 kB
Node 0 Mlocked:              64 kB
Node 0 Dirty:              1516 kB
Node 0 Writeback:             0 kB
Node 0 FilePages:       2181084 kB
Node 0 Mapped:           915904 kB
Node 0 AnonPages:       4836588 kB
Node 0 Shmem:            669808 kB
Node 0 KernelStack:       22288 kB
Node 0 PageTables:        63808 kB
Node 0 NFS_Unstable:          0 kB
Node 0 Bounce:                0 kB
Node 0 WritebackTmp:          0 kB
Node 0 KReclaimable:      93716 kB
Node 0 Slab:             253968 kB
Node 0 SReclaimable:      93716 kB
Node 0 SUnreclaim:       160252 kB
Node 0 AnonHugePages:         0 kB
Node 0 ShmemHugePages:        0 kB
Node 0 ShmemPmdMapped:        0 kB
Node 0 FileHugePages:        0 kB
Node 0 FilePmdMapped:        0 kB
Node 0 HugePages_Total:     0
Node 0 HugePages_Free:      0
Node 0 HugePages_Surp:      0
Name:	sh
Umask:	0022
State:	S (sleeping)
Tgid:	250707
Ngid:	0
Pid:	250707
PPid:	250691
TracerPid:	0
Uid:	0	0	0	0
Gid:	0	0	0	0
FDSize:	256
Groups:	0 
NStgid:	250707
NSpid:	250707
NSpgid:	250690
NSsid:	49746
VmPeak:	    2616 kB
VmSize:	    2616 kB
VmLck:	       0 kB
VmPin:	       0 kB
VmHWM:	     608 kB
VmRSS:	     608 kB
RssAnon:	      68 kB
RssFile:	     540 kB
RssShmem:	       0 kB
VmData:	     188 kB
VmStk:	     132 kB
VmExe:	      76 kB
VmLib:	    1652 kB
VmPTE:	      44 kB
VmSwap:	       0 kB
HugetlbPages:	       0 kB
CoreDumping:	0
THP_enabled:	1
Threads:	1
SigQ:	1/127044
SigPnd:	0000000000000000
ShdPnd:	0000000000000000
SigBlk:	0000000000000000
SigIgn:	0000000000000006
SigCgt:	0000000000010000
CapInh:	0000000000000000
CapPrm:	000001ffffffffff
CapEff:	000001ffffffffff
CapBnd:	000001ffffffffff
CapAmb:	0000000000000000
NoNewPrivs:	0
Seccomp:	0
Seccomp_filters:	0
Speculation_Store_Bypass:	thread vulnerable
Cpus_allowed:	fff
Cpus_allowed_list:	0-11
Mems_allowed:	00000000,00000000,00000000,00000000,00000000,00000000,00000000,00000000,00000000,00000000,00000000,00000000,00000000,00000000,00000000,00000000,00000000,00000000,00000000,00000000,00000000,00000000,00000000,00000000,00000000,00000000,00000000,00000000,00000000,00000000,00000000,00000001
Mems_allowed_list:	0
voluntary_ctxt_switches:	2
nonvoluntary_ctxt_switches:	0
Node 0 MemTotal:       32581320 kB
Node 0 MemFree:        25122652 kB
Node 0 MemUsed:         7458668 kB
Node 0 Active:           912068 kB
Node 0 Inactive:        6014136 kB
Node 0 Active(anon):       9044 kB
Node 0 Inactive(anon):  5405880 kB
Node 0 Active(file):     903024 kB
Node 0 Inactive(file):   608256 kB
Node 0 Unevictable:       91380 kB
Node 0 Mlocked:              64 kB
Node 0 Dirty:              1516 kB
Node 0 Writeback:             0 kB
Node 0 FilePages:       2181084 kB
Node 0 Mapped:           915320 kB
Node 0 AnonPages:       4836296 kB
Node 0 Shmem:            669808 kB
Node 0 KernelStack:       22288 kB
Node 0 PageTables:        63808 kB
Node 0 NFS_Unstable:          0 kB
Node 0 Bounce:                0 kB
Node 0 WritebackTmp:          0 kB
Node 0 KReclaimable:      93716 kB
Node 0 Slab:             254560 kB
Node 0 SReclaimable:      93716 kB
Node 0 SUnreclaim:       160844 kB
Node 0 AnonHugePages:         0 kB
Node 0 ShmemHugePages:        0 kB
Node 0 ShmemPmdMapped:        0 kB
Node 0 FileHugePages:        0 kB
Node 0 FilePmdMapped:        0 kB
Node 0 HugePages_Total:     0
Node 0 HugePages_Free:      0
Node 0 HugePages_Surp:      0
Name:	sh
Umask:	0022
State:	S (sleeping)
Tgid:	250707
Ngid:	0
Pid:	250707
PPid:	250691
TracerPid:	0
Uid:	0	0	0	0
Gid:	0	0	0	0
FDSize:	256
Groups:	0 
NStgid:	250707
NSpid:	250707
NSpgid:	250690
NSsid:	49746
VmPeak:	    2616 kB
VmSize:	    2616 kB
VmLck:	       0 kB
VmPin:	       0 kB
VmHWM:	     608 kB
VmRSS:	     608 kB
RssAnon:	      68 kB
RssFile:	     540 kB
RssShmem:	       0 kB
VmData:	     188 kB
VmStk:	     132 kB
VmExe:	      76 kB
VmLib:	    1652 kB
VmPTE:	      44 kB
VmSwap:	       0 kB
HugetlbPages:	       0 kB
CoreDumping:	0
THP_enabled:	1
Threads:	1
SigQ:	1/127044
SigPnd:	0000000000000000
ShdPnd:	0000000000000000
SigBlk:	0000000000000000
SigIgn:	0000000000000006
SigCgt:	0000000000010000
CapInh:	0000000000000000
CapPrm:	000001ffffffffff
CapEff:	000001ffffffffff
CapBnd:	000001ffffffffff
CapAmb:	0000000000000000
NoNewPrivs:	0
Seccomp:	0
Seccomp_filters:	0
Speculation_Store_Bypass:	thread vulnerable
Cpus_allowed:	fff
Cpus_allowed_list:	0-11
Mems_allowed:	00000000,00000000,00000000,00000000,00000000,00000000,00000000,00000000,00000000,00000000,00000000,00000000,00000000,00000000,00000000,00000000,00000000,00000000,00000000,00000000,00000000,00000000,00000000,00000000,00000000,00000000,00000000,00000000,00000000,00000000,00000000,00000001
Mems_allowed_list:	0
voluntary_ctxt_switches:	2
nonvoluntary_ctxt_switches:	0
Name:	sh
Umask:	0022
State:	S (sleeping)
Tgid:	250707
Ngid:	0
Pid:	250707
PPid:	250691
TracerPid:	0
Uid:	0	0	0	0
Gid:	0	0	0	0
FDSize:	256
Groups:	0 
NStgid:	250707
NSpid:	250707
NSpgid:	250690
NSsid:	49746
VmPeak:	    2616 kB
VmSize:	    2616 kB
VmLck:	       0 kB
VmPin:	       0 kB
VmHWM:	     608 kB
VmRSS:	     608 kB
RssAnon:	      68 kB
RssFile:	     540 kB
RssShmem:	       0 kB
VmData:	     188 kB
VmStk:	     132 kB
VmExe:	      76 kB
VmLib:	    1652 kB
VmPTE:	      44 kB
VmSwap:	       0 kB
HugetlbPages:	       0 kB
CoreDumping:	0
THP_enabled:	1
Threads:	1
SigQ:	1/127044
SigPnd:	0000000000000000
ShdPnd:	0000000000000000
SigBlk:	0000000000000000
SigIgn:	0000000000000006
SigCgt:	0000000000010000
CapInh:	0000000000000000
CapPrm:	000001ffffffffff
CapEff:	000001ffffffffff
CapBnd:	000001ffffffffff
CapAmb:	0000000000000000
NoNewPrivs:	0
Seccomp:	0
Seccomp_filters:	0
Speculation_Store_Bypass:	thread vulnerable
Cpus_allowed:	fff
Cpus_allowed_list:	0-11
Mems_allowed:	00000000,00000000,00000000,00000000,00000000,00000000,00000000,00000000,00000000,00000000,00000000,00000000,00000000,00000000,00000000,00000000,00000000,00000000,00000000,00000000,00000000,00000000,00000000,00000000,00000000,00000000,00000000,00000000,00000000,00000000,00000000,00000001
Mems_allowed_list:	0
voluntary_ctxt_switches:	2
nonvoluntary_ctxt_switches:	0
Node 0 MemTotal:       32581320 kB
Node 0 MemFree:        25123468 kB
Node 0 MemUsed:         7457852 kB
Node 0 Active:           912068 kB
Node 0 Inactive:        6015012 kB
Node 0 Active(anon):       9044 kB
Node 0 Inactive(anon):  5406756 kB
Node 0 Active(file):     903024 kB
Node 0 Inactive(file):   608256 kB
Node 0 Unevictable:       91380 kB
Node 0 Mlocked:              64 kB
Node 0 Dirty:              1516 kB
Node 0 Writeback:             0 kB
Node 0 FilePages:       2181084 kB
Node 0 Mapped:           915612 kB
Node 0 AnonPages:       4837464 kB
Node 0 Shmem:            669808 kB
Node 0 KernelStack:       22368 kB
Node 0 PageTables:        64244 kB
Node 0 NFS_Unstable:          0 kB
Node 0 Bounce:                0 kB
Node 0 WritebackTmp:          0 kB
Node 0 KReclaimable:      93716 kB
Node 0 Slab:             254560 kB
Node 0 SReclaimable:      93716 kB
Node 0 SUnreclaim:       160844 kB
Node 0 AnonHugePages:         0 kB
Node 0 ShmemHugePages:        0 kB
Node 0 ShmemPmdMapped:        0 kB
Node 0 FileHugePages:        0 kB
Node 0 FilePmdMapped:        0 kB
Node 0 HugePages_Total:     0
Node 0 HugePages_Free:      0
Node 0 HugePages_Surp:      0
Node 0 MemTotal:       32581320 kB
Node 0 MemFree:        25123644 kB
Node 0 MemUsed:         7457676 kB
Node 0 Active:           912068 kB
Node 0 Inactive:        6015304 kB
Node 0 Active(anon):       9044 kB
Node 0 Inactive(anon):  5407048 kB
Node 0 Active(file):     903024 kB
Node 0 Inactive(file):   608256 kB
Node 0 Unevictable:       91380 kB
Node 0 Mlocked:              64 kB
Node 0 Dirty:              1516 kB
Node 0 Writeback:             0 kB
Node 0 FilePages:       2181084 kB
Node 0 Mapped:           915612 kB
Node 0 AnonPages:       4837756 kB
Node 0 Shmem:            669808 kB
Node 0 KernelStack:       22368 kB
Node 0 PageTables:        63808 kB
Node 0 NFS_Unstable:          0 kB
Node 0 Bounce:                0 kB
Node 0 WritebackTmp:          0 kB
Node 0 KReclaimable:      93716 kB
Node 0 Slab:             254560 kB
Node 0 SReclaimable:      93716 kB
Node 0 SUnreclaim:       160844 kB
Node 0 AnonHugePages:         0 kB
Node 0 ShmemHugePages:        0 kB
Node 0 ShmemPmdMapped:        0 kB
Node 0 FileHugePages:        0 kB
Node 0 FilePmdMapped:        0 kB
Node 0 HugePages_Total:     0
Node 0 HugePages_Free:      0
Node 0 HugePages_Surp:      0
Name:	sh
Umask:	0022
State:	S (sleeping)
Tgid:	250707
Ngid:	0
Pid:	250707
PPid:	250691
TracerPid:	0
Uid:	0	0	0	0
Gid:	0	0	0	0
FDSize:	256
Groups:	0 
NStgid:	250707
NSpid:	250707
NSpgid:	250690
NSsid:	49746
VmPeak:	    2616 kB
VmSize:	    2616 kB
VmLck:	       0 kB
VmPin:	       0 kB
VmHWM:	     608 kB
VmRSS:	     608 kB
RssAnon:	      68 kB
RssFile:	     540 kB
RssShmem:	       0 kB
VmData:	     188 kB
VmStk:	     132 kB
VmExe:	      76 kB
VmLib:	    1652 kB
VmPTE:	      44 kB
VmSwap:	       0 kB
HugetlbPages:	       0 kB
CoreDumping:	0
THP_enabled:	1
Threads:	1
SigQ:	1/127044
SigPnd:	0000000000000000
ShdPnd:	0000000000000000
SigBlk:	0000000000000000
SigIgn:	0000000000000006
SigCgt:	0000000000010000
CapInh:	0000000000000000
CapPrm:	000001ffffffffff
CapEff:	000001ffffffffff
CapBnd:	000001ffffffffff
CapAmb:	0000000000000000
NoNewPrivs:	0
Seccomp:	0
Seccomp_filters:	0
Speculation_Store_Bypass:	thread vulnerable
Cpus_allowed:	fff
Cpus_allowed_list:	0-11
Mems_allowed:	00000000,00000000,00000000,00000000,00000000,00000000,00000000,00000000,00000000,00000000,00000000,00000000,00000000,00000000,00000000,00000000,00000000,00000000,00000000,00000000,00000000,00000000,00000000,00000000,00000000,00000000,00000000,00000000,00000000,00000000,00000000,00000001
Mems_allowed_list:	0
voluntary_ctxt_switches:	2
nonvoluntary_ctxt_switches:	0
Node 0 MemTotal:       32581320 kB
Node 0 MemFree:        25123316 kB
Node 0 MemUsed:         7458004 kB
Node 0 Active:           912068 kB
Node 0 Inactive:        6015596 kB
Node 0 Active(anon):       9044 kB
Node 0 Inactive(anon):  5407340 kB
Node 0 Active(file):     903024 kB
Node 0 Inactive(file):   608256 kB
Node 0 Unevictable:       91380 kB
Node 0 Mlocked:              64 kB
Node 0 Dirty:              1516 kB
Node 0 Writeback:             0 kB
Node 0 FilePages:       2181084 kB
Node 0 Mapped:           915612 kB
Node 0 AnonPages:       4838048 kB
Node 0 Shmem:            669808 kB
Node 0 KernelStack:       22528 kB
Node 0 PageTables:        63808 kB
Node 0 NFS_Unstable:          0 kB
Node 0 Bounce:                0 kB
Node 0 WritebackTmp:          0 kB
Node 0 KReclaimable:      93716 kB
Node 0 Slab:             254264 kB
Node 0 SReclaimable:      93716 kB
Node 0 SUnreclaim:       160548 kB
Node 0 AnonHugePages:         0 kB
Node 0 ShmemHugePages:        0 kB
Node 0 ShmemPmdMapped:        0 kB
Node 0 FileHugePages:        0 kB
Node 0 FilePmdMapped:        0 kB
Node 0 HugePages_Total:     0
Node 0 HugePages_Free:      0
Node 0 HugePages_Surp:      0
Name:	sh
Umask:	0022
State:	S (sleeping)
Tgid:	250707
Ngid:	0
Pid:	250707
PPid:	250691
TracerPid:	0
Uid:	0	0	0	0
Gid:	0	0	0	0
FDSize:	256
Groups:	0 
NStgid:	250707
NSpid:	250707
NSpgid:	250690
NSsid:	49746
VmPeak:	    2616 kB
VmSize:	    2616 kB
VmLck:	       0 kB
VmPin:	       0 kB
VmHWM:	     608 kB
VmRSS:	     608 kB
RssAnon:	      68 kB
RssFile:	     540 kB
RssShmem:	       0 kB
VmData:	     188 kB
VmStk:	     132 kB
VmExe:	      76 kB
VmLib:	    1652 kB
VmPTE:	      44 kB
VmSwap:	       0 kB
HugetlbPages:	       0 kB
CoreDumping:	0
THP_enabled:	1
Threads:	1
SigQ:	1/127044
SigPnd:	0000000000000000
ShdPnd:	0000000000000000
SigBlk:	0000000000000000
SigIgn:	0000000000000006
SigCgt:	0000000000010000
CapInh:	0000000000000000
CapPrm:	000001ffffffffff
CapEff:	000001ffffffffff
CapBnd:	000001ffffffffff
CapAmb:	0000000000000000
NoNewPrivs:	0
Seccomp:	0
Seccomp_filters:	0
Speculation_Store_Bypass:	thread vulnerable
Cpus_allowed:	fff
Cpus_allowed_list:	0-11
Mems_allowed:	00000000,00000000,00000000,00000000,00000000,00000000,00000000,00000000,00000000,00000000,00000000,00000000,00000000,00000000,00000000,00000000,00000000,00000000,00000000,00000000,00000000,00000000,00000000,00000000,00000000,00000000,00000000,00000000,00000000,00000000,00000000,00000001
Mems_allowed_list:	0
voluntary_ctxt_switches:	2
nonvoluntary_ctxt_switches:	0
Name:	sh
Umask:	0022
State:	S (sleeping)
Tgid:	250707
Ngid:	0
Pid:	250707
PPid:	250691
TracerPid:	0
Uid:	0	0	0	0
Gid:	0	0	0	0
FDSize:	256
Groups:	0 
NStgid:	250707
NSpid:	250707
NSpgid:	250690
NSsid:	49746
VmPeak:	    2616 kB
VmSize:	    2616 kB
VmLck:	       0 kB
VmPin:	       0 kB
VmHWM:	     608 kB
VmRSS:	     608 kB
RssAnon:	      68 kB
RssFile:	     540 kB
RssShmem:	       0 kB
VmData:	     188 kB
VmStk:	     132 kB
VmExe:	      76 kB
VmLib:	    1652 kB
VmPTE:	      44 kB
VmSwap:	       0 kB
HugetlbPages:	       0 kB
CoreDumping:	0
THP_enabled:	1
Threads:	1
SigQ:	1/127044
SigPnd:	0000000000000000
ShdPnd:	0000000000000000
SigBlk:	0000000000000000
SigIgn:	0000000000000006
SigCgt:	0000000000010000
CapInh:	0000000000000000
CapPrm:	000001ffffffffff
CapEff:	000001ffffffffff
CapBnd:	000001ffffffffff
CapAmb:	0000000000000000
NoNewPrivs:	0
Seccomp:	0
Seccomp_filters:	0
Speculation_Store_Bypass:	thread vulnerable
Cpus_allowed:	fff
Cpus_allowed_list:	0-11
Mems_allowed:	00000000,00000000,00000000,00000000,00000000,00000000,00000000,00000000,00000000,00000000,00000000,00000000,00000000,00000000,00000000,00000000,00000000,00000000,00000000,00000000,00000000,00000000,00000000,00000000,00000000,00000000,00000000,00000000,00000000,00000000,00000000,00000001
Mems_allowed_list:	0
voluntary_ctxt_switches:	2
nonvoluntary_ctxt_switches:	0
Node 0 MemTotal:       32581320 kB
Node 0 MemFree:        25123056 kB
Node 0 MemUsed:         7458264 kB
Node 0 Active:           912068 kB
Node 0 Inactive:        6015596 kB
Node 0 Active(anon):       9044 kB
Node 0 Inactive(anon):  5407340 kB
Node 0 Active(file):     903024 kB
Node 0 Inactive(file):   608256 kB
Node 0 Unevictable:       91380 kB
Node 0 Mlocked:              64 kB
Node 0 Dirty:              1516 kB
Node 0 Writeback:             0 kB
Node 0 FilePages:       2181084 kB
Node 0 Mapped:           915612 kB
Node 0 AnonPages:       4838340 kB
Node 0 Shmem:            669808 kB
Node 0 KernelStack:       22528 kB
Node 0 PageTables:        63372 kB
Node 0 NFS_Unstable:          0 kB
Node 0 Bounce:                0 kB
Node 0 WritebackTmp:          0 kB
Node 0 KReclaimable:      93716 kB
Node 0 Slab:             254856 kB
Node 0 SReclaimable:      93716 kB
Node 0 SUnreclaim:       161140 kB
Node 0 AnonHugePages:         0 kB
Node 0 ShmemHugePages:        0 kB
Node 0 ShmemPmdMapped:        0 kB
Node 0 FileHugePages:        0 kB
Node 0 FilePmdMapped:        0 kB
Node 0 HugePages_Total:     0
Node 0 HugePages_Free:      0
Node 0 HugePages_Surp:      0
Name:	sh
Umask:	0022
State:	S (sleeping)
Tgid:	250707
Ngid:	0
Pid:	250707
PPid:	250691
TracerPid:	0
Uid:	0	0	0	0
Gid:	0	0	0	0
FDSize:	256
Groups:	0 
NStgid:	250707
NSpid:	250707
NSpgid:	250690
NSsid:	49746
VmPeak:	    2616 kB
VmSize:	    2616 kB
VmLck:	       0 kB
VmPin:	       0 kB
VmHWM:	     608 kB
VmRSS:	     608 kB
RssAnon:	      68 kB
RssFile:	     540 kB
RssShmem:	       0 kB
VmData:	     188 kB
VmStk:	     132 kB
VmExe:	      76 kB
VmLib:	    1652 kB
VmPTE:	      44 kB
VmSwap:	       0 kB
HugetlbPages:	       0 kB
CoreDumping:	0
THP_enabled:	1
Threads:	1
SigQ:	1/127044
SigPnd:	0000000000000000
ShdPnd:	0000000000000000
SigBlk:	0000000000000000
SigIgn:	0000000000000006
SigCgt:	0000000000010000
CapInh:	0000000000000000
CapPrm:	000001ffffffffff
CapEff:	000001ffffffffff
CapBnd:	000001ffffffffff
CapAmb:	0000000000000000
NoNewPrivs:	0
Seccomp:	0
Seccomp_filters:	0
Speculation_Store_Bypass:	thread vulnerable
Cpus_allowed:	fff
Cpus_allowed_list:	0-11
Mems_allowed:	00000000,00000000,00000000,00000000,00000000,00000000,00000000,00000000,00000000,00000000,00000000,00000000,00000000,00000000,00000000,00000000,00000000,00000000,00000000,00000000,00000000,00000000,00000000,00000000,00000000,00000000,00000000,00000000,00000000,00000000,00000000,00000001
Mems_allowed_list:	0
voluntary_ctxt_switches:	2
nonvoluntary_ctxt_switches:	0
Node 0 MemTotal:       32581320 kB
Node 0 MemFree:        25123412 kB
Node 0 MemUsed:         7457908 kB
Node 0 Active:           912068 kB
Node 0 Inactive:        6015304 kB
Node 0 Active(anon):       9044 kB
Node 0 Inactive(anon):  5407048 kB
Node 0 Active(file):     903024 kB
Node 0 Inactive(file):   608256 kB
Node 0 Unevictable:       91380 kB
Node 0 Mlocked:              64 kB
Node 0 Dirty:              1516 kB
Node 0 Writeback:             0 kB
Node 0 FilePages:       2181084 kB
Node 0 Mapped:           915904 kB
Node 0 AnonPages:       4837756 kB
Node 0 Shmem:            669808 kB
Node 0 KernelStack:       22448 kB
Node 0 PageTables:        63372 kB
Node 0 NFS_Unstable:          0 kB
Node 0 Bounce:                0 kB
Node 0 WritebackTmp:          0 kB
Node 0 KReclaimable:      93716 kB
Node 0 Slab:             254856 kB
Node 0 SReclaimable:      93716 kB
Node 0 SUnreclaim:       161140 kB
Node 0 AnonHugePages:         0 kB
Node 0 ShmemHugePages:        0 kB
Node 0 ShmemPmdMapped:        0 kB
Node 0 FileHugePages:        0 kB
Node 0 FilePmdMapped:        0 kB
Node 0 HugePages_Total:     0
Node 0 HugePages_Free:      0
Node 0 HugePages_Surp:      0
Node 0 MemTotal:       32581320 kB
Node 0 MemFree:        25122676 kB
Node 0 MemUsed:         7458644 kB
Node 0 Active:           912068 kB
Node 0 Inactive:        6016180 kB
Node 0 Active(anon):       9044 kB
Node 0 Inactive(anon):  5407924 kB
Node 0 Active(file):     903024 kB
Node 0 Inactive(file):   608256 kB
Node 0 Unevictable:       91380 kB
Node 0 Mlocked:              64 kB
Node 0 Dirty:              1516 kB
Node 0 Writeback:             0 kB
Node 0 FilePages:       2181084 kB
Node 0 Mapped:           916488 kB
Node 0 AnonPages:       4838632 kB
Node 0 Shmem:            669808 kB
Node 0 KernelStack:       22368 kB
Node 0 PageTables:        63808 kB
Node 0 NFS_Unstable:          0 kB
Node 0 Bounce:                0 kB
Node 0 WritebackTmp:          0 kB
Node 0 KReclaimable:      93716 kB
Node 0 Slab:             254856 kB
Node 0 SReclaimable:      93716 kB
Node 0 SUnreclaim:       161140 kB
Node 0 AnonHugePages:         0 kB
Node 0 ShmemHugePages:        0 kB
Node 0 ShmemPmdMapped:        0 kB
Node 0 FileHugePages:        0 kB
Node 0 FilePmdMapped:        0 kB
Node 0 HugePages_Total:     0
Node 0 HugePages_Free:      0
Node 0 HugePages_Surp:      0
Name:	sh
Umask:	0022
State:	S (sleeping)
Tgid:	250707
Ngid:	0
Pid:	250707
PPid:	250691
TracerPid:	0
Uid:	0	0	0	0
Gid:	0	0	0	0
FDSize:	256
Groups:	0 
NStgid:	250707
NSpid:	250707
NSpgid:	250690
NSsid:	49746
VmPeak:	    2616 kB
VmSize:	    2616 kB
VmLck:	       0 kB
VmPin:	       0 kB
VmHWM:	     608 kB
VmRSS:	     608 kB
RssAnon:	      68 kB
RssFile:	     540 kB
RssShmem:	       0 kB
VmData:	     188 kB
VmStk:	     132 kB
VmExe:	      76 kB
VmLib:	    1652 kB
VmPTE:	      44 kB
VmSwap:	       0 kB
HugetlbPages:	       0 kB
CoreDumping:	0
THP_enabled:	1
Threads:	1
SigQ:	1/127044
SigPnd:	0000000000000000
ShdPnd:	0000000000000000
SigBlk:	0000000000000000
SigIgn:	0000000000000006
SigCgt:	0000000000010000
CapInh:	0000000000000000
CapPrm:	000001ffffffffff
CapEff:	000001ffffffffff
CapBnd:	000001ffffffffff
CapAmb:	0000000000000000
NoNewPrivs:	0
Seccomp:	0
Seccomp_filters:	0
Speculation_Store_Bypass:	thread vulnerable
Cpus_allowed:	fff
Cpus_allowed_list:	0-11
Mems_allowed:	00000000,00000000,00000000,00000000,00000000,00000000,00000000,00000000,00000000,00000000,00000000,00000000,00000000,00000000,00000000,00000000,00000000,00000000,00000000,00000000,00000000,00000000,00000000,00000000,00000000,00000000,00000000,00000000,00000000,00000000,00000000,00000001
Mems_allowed_list:	0
voluntary_ctxt_switches:	2
nonvoluntary_ctxt_switches:	0
Node 0 MemTotal:       32581320 kB
Node 0 MemFree:        25123824 kB
Node 0 MemUsed:         7457496 kB
Node 0 Active:           912068 kB
Node 0 Inactive:        6016472 kB
Node 0 Active(anon):       9044 kB
Node 0 Inactive(anon):  5408216 kB
Node 0 Active(file):     903024 kB
Node 0 Inactive(file):   608256 kB
Node 0 Unevictable:       91380 kB
Node 0 Mlocked:              64 kB
Node 0 Dirty:              1516 kB
Node 0 Writeback:             0 kB
Node 0 FilePages:       2181084 kB
Node 0 Mapped:           916196 kB
Node 0 AnonPages:       4838048 kB
Node 0 Shmem:            669808 kB
Node 0 KernelStack:       22448 kB
Node 0 PageTables:        63808 kB
Node 0 NFS_Unstable:          0 kB
Node 0 Bounce:                0 kB
Node 0 WritebackTmp:          0 kB
Node 0 KReclaimable:      93716 kB
Node 0 Slab:             254856 kB
Node 0 SReclaimable:      93716 kB
Node 0 SUnreclaim:       161140 kB
Node 0 AnonHugePages:         0 kB
Node 0 ShmemHugePages:        0 kB
Node 0 ShmemPmdMapped:        0 kB
Node 0 FileHugePages:        0 kB
Node 0 FilePmdMapped:        0 kB
Node 0 HugePages_Total:     0
Node 0 HugePages_Free:      0
Node 0 HugePages_Surp:      0
Name:	sh
Umask:	0022
State:	S (sleeping)
Tgid:	250707
Ngid:	0
Pid:	250707
PPid:	250691
TracerPid:	0
Uid:	0	0	0	0
Gid:	0	0	0	0
FDSize:	256
Groups:	0 
NStgid:	250707
NSpid:	250707
NSpgid:	250690
NSsid:	49746
VmPeak:	    2616 kB
VmSize:	    2616 kB
VmLck:	       0 kB
VmPin:	       0 kB
VmHWM:	     608 kB
VmRSS:	     608 kB
RssAnon:	      68 kB
RssFile:	     540 kB
RssShmem:	       0 kB
VmData:	     188 kB
VmStk:	     132 kB
VmExe:	      76 kB
VmLib:	    1652 kB
VmPTE:	      44 kB
VmSwap:	       0 kB
HugetlbPages:	       0 kB
CoreDumping:	0
THP_enabled:	1
Threads:	1
SigQ:	1/127044
SigPnd:	0000000000000000
ShdPnd:	0000000000000000
SigBlk:	0000000000000000
SigIgn:	0000000000000006
SigCgt:	0000000000010000
CapInh:	0000000000000000
CapPrm:	000001ffffffffff
CapEff:	000001ffffffffff
CapBnd:	000001ffffffffff
CapAmb:	0000000000000000
NoNewPrivs:	0
Seccomp:	0
Seccomp_filters:	0
Speculation_Store_Bypass:	thread vulnerable
Cpus_allowed:	fff
Cpus_allowed_list:	0-11
Mems_allowed:	00000000,00000000,00000000,00000000,00000000,00000000,00000000,00000000,00000000,00000000,00000000,00000000,00000000,00000000,00000000,00000000,00000000,00000000,00000000,00000000,00000000,00000000,00000000,00000000,00000000,00000000,00000000,00000000,00000000,00000000,00000000,00000001
Mems_allowed_list:	0
voluntary_ctxt_switches:	2
nonvoluntary_ctxt_switches:	0
Node 0 MemTotal:       32581320 kB
Node 0 MemFree:        25123860 kB
Node 0 MemUsed:         7457460 kB
Node 0 Active:           912064 kB
Node 0 Inactive:        6015980 kB
Node 0 Active(anon):       9040 kB
Node 0 Inactive(anon):  5407716 kB
Node 0 Active(file):     903024 kB
Node 0 Inactive(file):   608264 kB
Node 0 Unevictable:       91380 kB
Node 0 Mlocked:              64 kB
Node 0 Dirty:              1524 kB
Node 0 Writeback:             0 kB
Node 0 FilePages:       2181092 kB
Node 0 Mapped:           915780 kB
Node 0 AnonPages:       4838644 kB
Node 0 Shmem:            669808 kB
Node 0 KernelStack:       22208 kB
Node 0 PageTables:        63928 kB
Node 0 NFS_Unstable:          0 kB
Node 0 Bounce:                0 kB
Node 0 WritebackTmp:          0 kB
Node 0 KReclaimable:      93716 kB
Node 0 Slab:             254872 kB
Node 0 SReclaimable:      93716 kB
Node 0 SUnreclaim:       161156 kB
Node 0 AnonHugePages:         0 kB
Node 0 ShmemHugePages:        0 kB
Node 0 ShmemPmdMapped:        0 kB
Node 0 FileHugePages:        0 kB
Node 0 FilePmdMapped:        0 kB
Node 0 HugePages_Total:     0
Node 0 HugePages_Free:      0
Node 0 HugePages_Surp:      0
Name:	sh
Umask:	0022
State:	S (sleeping)
Tgid:	250707
Ngid:	0
Pid:	250707
PPid:	250691
TracerPid:	0
Uid:	0	0	0	0
Gid:	0	0	0	0
FDSize:	256
Groups:	0 
NStgid:	250707
NSpid:	250707
NSpgid:	250690
NSsid:	49746
VmPeak:	    2616 kB
VmSize:	    2616 kB
VmLck:	       0 kB
VmPin:	       0 kB
VmHWM:	     608 kB
VmRSS:	     608 kB
RssAnon:	      68 kB
RssFile:	     540 kB
RssShmem:	       0 kB
VmData:	     188 kB
VmStk:	     132 kB
VmExe:	      76 kB
VmLib:	    1652 kB
VmPTE:	      44 kB
VmSwap:	       0 kB
HugetlbPages:	       0 kB
CoreDumping:	0
THP_enabled:	1
Threads:	1
SigQ:	2/127044
SigPnd:	0000000000000000
ShdPnd:	0000000000000000
SigBlk:	0000000000000000
SigIgn:	0000000000000006
SigCgt:	0000000000010000
CapInh:	0000000000000000
CapPrm:	000001ffffffffff
CapEff:	000001ffffffffff
CapBnd:	000001ffffffffff
CapAmb:	0000000000000000
NoNewPrivs:	0
Seccomp:	0
Seccomp_filters:	0
Speculation_Store_Bypass:	thread vulnerable
Cpus_allowed:	fff
Cpus_allowed_list:	0-11
Mems_allowed:	00000000,00000000,00000000,00000000,00000000,00000000,00000000,00000000,00000000,00000000,00000000,00000000,00000000,00000000,00000000,00000000,00000000,00000000,00000000,00000000,00000000,00000000,00000000,00000000,00000000,00000000,00000000,00000000,00000000,00000000,00000000,00000001
Mems_allowed_list:	0
voluntary_ctxt_switches:	2
nonvoluntary_ctxt_switches:	0
Node 0 MemTotal:       32581320 kB
Node 0 MemFree:        25124152 kB
Node 0 MemUsed:         7457168 kB
Node 0 Active:           912064 kB
Node 0 Inactive:        6015688 kB
Node 0 Active(anon):       9040 kB
Node 0 Inactive(anon):  5407424 kB
Node 0 Active(file):     903024 kB
Node 0 Inactive(file):   608264 kB
Node 0 Unevictable:       91380 kB
Node 0 Mlocked:              64 kB
Node 0 Dirty:              1524 kB
Node 0 Writeback:             0 kB
Node 0 FilePages:       2181092 kB
Node 0 Mapped:           915780 kB
Node 0 AnonPages:       4838352 kB
Node 0 Shmem:            669808 kB
Node 0 KernelStack:       22208 kB
Node 0 PageTables:        63928 kB
Node 0 NFS_Unstable:          0 kB
Node 0 Bounce:                0 kB
Node 0 WritebackTmp:          0 kB
Node 0 KReclaimable:      93716 kB
Node 0 Slab:             254872 kB
Node 0 SReclaimable:      93716 kB
Node 0 SUnreclaim:       161156 kB
Node 0 AnonHugePages:         0 kB
Node 0 ShmemHugePages:        0 kB
Node 0 ShmemPmdMapped:        0 kB
Node 0 FileHugePages:        0 kB
Node 0 FilePmdMapped:        0 kB
Node 0 HugePages_Total:     0
Node 0 HugePages_Free:      0
Node 0 HugePages_Surp:      0
Name:	sh
Umask:	0022
State:	S (sleeping)
Tgid:	250707
Ngid:	0
Pid:	250707
PPid:	250691
TracerPid:	0
Uid:	0	0	0	0
Gid:	0	0	0	0
FDSize:	256
Groups:	0 
NStgid:	250707
NSpid:	250707
NSpgid:	250690
NSsid:	49746
VmPeak:	    2616 kB
VmSize:	    2616 kB
VmLck:	       0 kB
VmPin:	       0 kB
VmHWM:	     608 kB
VmRSS:	     608 kB
RssAnon:	      68 kB
RssFile:	     540 kB
RssShmem:	       0 kB
VmData:	     188 kB
VmStk:	     132 kB
VmExe:	      76 kB
VmLib:	    1652 kB
VmPTE:	      44 kB
VmSwap:	       0 kB
HugetlbPages:	       0 kB
CoreDumping:	0
THP_enabled:	1
Threads:	1
SigQ:	2/127044
SigPnd:	0000000000000000
ShdPnd:	0000000000000000
SigBlk:	0000000000000000
SigIgn:	0000000000000006
SigCgt:	0000000000010000
CapInh:	0000000000000000
CapPrm:	000001ffffffffff
CapEff:	000001ffffffffff
CapBnd:	000001ffffffffff
CapAmb:	0000000000000000
NoNewPrivs:	0
Seccomp:	0
Seccomp_filters:	0
Speculation_Store_Bypass:	thread vulnerable
Cpus_allowed:	fff
Cpus_allowed_list:	0-11
Mems_allowed:	00000000,00000000,00000000,00000000,00000000,00000000,00000000,00000000,00000000,00000000,00000000,00000000,00000000,00000000,00000000,00000000,00000000,00000000,00000000,00000000,00000000,00000000,00000000,00000000,00000000,00000000,00000000,00000000,00000000,00000000,00000000,00000001
Mems_allowed_list:	0
voluntary_ctxt_switches:	2
nonvoluntary_ctxt_switches:	0
Node 0 MemTotal:       32581320 kB
Node 0 MemFree:        25124548 kB
Node 0 MemUsed:         7456772 kB
Node 0 Active:           912064 kB
Node 0 Inactive:        6016564 kB
Node 0 Active(anon):       9040 kB
Node 0 Inactive(anon):  5408300 kB
Node 0 Active(file):     903024 kB
Node 0 Inactive(file):   608264 kB
Node 0 Unevictable:       91380 kB
Node 0 Mlocked:              64 kB
Node 0 Dirty:              1524 kB
Node 0 Writeback:             0 kB
Node 0 FilePages:       2181092 kB
Node 0 Mapped:           915780 kB
Node 0 AnonPages:       4838644 kB
Node 0 Shmem:            669808 kB
Node 0 KernelStack:       22288 kB
Node 0 PageTables:        63492 kB
Node 0 NFS_Unstable:          0 kB
Node 0 Bounce:                0 kB
Node 0 WritebackTmp:          0 kB
Node 0 KReclaimable:      93716 kB
Node 0 Slab:             254872 kB
Node 0 SReclaimable:      93716 kB
Node 0 SUnreclaim:       161156 kB
Node 0 AnonHugePages:         0 kB
Node 0 ShmemHugePages:        0 kB
Node 0 ShmemPmdMapped:        0 kB
Node 0 FileHugePages:        0 kB
Node 0 FilePmdMapped:        0 kB
Node 0 HugePages_Total:     0
Node 0 HugePages_Free:      0
Node 0 HugePages_Surp:      0
Name:	sh
Umask:	0022
State:	S (sleeping)
Tgid:	250707
Ngid:	0
Pid:	250707
PPid:	250691
TracerPid:	0
Uid:	0	0	0	0
Gid:	0	0	0	0
FDSize:	256
Groups:	0 
NStgid:	250707
NSpid:	250707
NSpgid:	250690
NSsid:	49746
VmPeak:	    2616 kB
VmSize:	    2616 kB
VmLck:	       0 kB
VmPin:	       0 kB
VmHWM:	     608 kB
VmRSS:	     608 kB
RssAnon:	      68 kB
RssFile:	     540 kB
RssShmem:	       0 kB
VmData:	     188 kB
VmStk:	     132 kB
VmExe:	      76 kB
VmLib:	    1652 kB
VmPTE:	      44 kB
VmSwap:	       0 kB
HugetlbPages:	       0 kB
CoreDumping:	0
THP_enabled:	1
Threads:	1
SigQ:	1/127044
SigPnd:	0000000000000000
ShdPnd:	0000000000000000
SigBlk:	0000000000000000
SigIgn:	0000000000000006
SigCgt:	0000000000010000
CapInh:	0000000000000000
CapPrm:	000001ffffffffff
CapEff:	000001ffffffffff
CapBnd:	000001ffffffffff
CapAmb:	0000000000000000
NoNewPrivs:	0
Seccomp:	0
Seccomp_filters:	0
Speculation_Store_Bypass:	thread vulnerable
Cpus_allowed:	fff
Cpus_allowed_list:	0-11
Mems_allowed:	00000000,00000000,00000000,00000000,00000000,00000000,00000000,00000000,00000000,00000000,00000000,00000000,00000000,00000000,00000000,00000000,00000000,00000000,00000000,00000000,00000000,00000000,00000000,00000000,00000000,00000000,00000000,00000000,00000000,00000000,00000000,00000001
Mems_allowed_list:	0
voluntary_ctxt_switches:	2
nonvoluntary_ctxt_switches:	0
Node 0 MemTotal:       32581320 kB
Node 0 MemFree:        25123376 kB
Node 0 MemUsed:         7457944 kB
Node 0 Active:           912060 kB
Node 0 Inactive:        6015640 kB
Node 0 Active(anon):       9036 kB
Node 0 Inactive(anon):  5407368 kB
Node 0 Active(file):     903024 kB
Node 0 Inactive(file):   608272 kB
Node 0 Unevictable:       91604 kB
Node 0 Mlocked:              64 kB
Node 0 Dirty:              1532 kB
Node 0 Writeback:             0 kB
Node 0 FilePages:       2181324 kB
Node 0 Mapped:           915752 kB
Node 0 AnonPages:       4838800 kB
Node 0 Shmem:            670032 kB
Node 0 KernelStack:       22224 kB
Node 0 PageTables:        63368 kB
Node 0 NFS_Unstable:          0 kB
Node 0 Bounce:                0 kB
Node 0 WritebackTmp:          0 kB
Node 0 KReclaimable:      93716 kB
Node 0 Slab:             254912 kB
Node 0 SReclaimable:      93716 kB
Node 0 SUnreclaim:       161196 kB
Node 0 AnonHugePages:         0 kB
Node 0 ShmemHugePages:        0 kB
Node 0 ShmemPmdMapped:        0 kB
Node 0 FileHugePages:        0 kB
Node 0 FilePmdMapped:        0 kB
Node 0 HugePages_Total:     0
Node 0 HugePages_Free:      0
Node 0 HugePages_Surp:      0
Name:	sh
Umask:	0022
State:	S (sleeping)
Tgid:	250707
Ngid:	0
Pid:	250707
PPid:	250691
TracerPid:	0
Uid:	0	0	0	0
Gid:	0	0	0	0
FDSize:	256
Groups:	0 
NStgid:	250707
NSpid:	250707
NSpgid:	250690
NSsid:	49746
VmPeak:	    2616 kB
VmSize:	    2616 kB
VmLck:	       0 kB
VmPin:	       0 kB
VmHWM:	     608 kB
VmRSS:	     608 kB
RssAnon:	      68 kB
RssFile:	     540 kB
RssShmem:	       0 kB
VmData:	     188 kB
VmStk:	     132 kB
VmExe:	      76 kB
VmLib:	    1652 kB
VmPTE:	      44 kB
VmSwap:	       0 kB
HugetlbPages:	       0 kB
CoreDumping:	0
THP_enabled:	1
Threads:	1
SigQ:	1/127044
SigPnd:	0000000000000000
ShdPnd:	0000000000000000
SigBlk:	0000000000000000
SigIgn:	0000000000000006
SigCgt:	0000000000010000
CapInh:	0000000000000000
CapPrm:	000001ffffffffff
CapEff:	000001ffffffffff
CapBnd:	000001ffffffffff
CapAmb:	0000000000000000
NoNewPrivs:	0
Seccomp:	0
Seccomp_filters:	0
Speculation_Store_Bypass:	thread vulnerable
Cpus_allowed:	fff
Cpus_allowed_list:	0-11
Mems_allowed:	00000000,00000000,00000000,00000000,00000000,00000000,00000000,00000000,00000000,00000000,00000000,00000000,00000000,00000000,00000000,00000000,00000000,00000000,00000000,00000000,00000000,00000000,00000000,00000000,00000000,00000000,00000000,00000000,00000000,00000000,00000000,00000001
Mems_allowed_list:	0
voluntary_ctxt_switches:	2
nonvoluntary_ctxt_switches:	0
Node 0 MemTotal:       32581320 kB
Node 0 MemFree:        25122680 kB
Node 0 MemUsed:         7458640 kB
Node 0 Active:           912060 kB
Node 0 Inactive:        6016224 kB
Node 0 Active(anon):       9036 kB
Node 0 Inactive(anon):  5407952 kB
Node 0 Active(file):     903024 kB
Node 0 Inactive(file):   608272 kB
Node 0 Unevictable:       91604 kB
Node 0 Mlocked:              64 kB
Node 0 Dirty:              1532 kB
Node 0 Writeback:             0 kB
Node 0 FilePages:       2181324 kB
Node 0 Mapped:           916044 kB
Node 0 AnonPages:       4838508 kB
Node 0 Shmem:            670032 kB
Node 0 KernelStack:       22464 kB
Node 0 PageTables:        63804 kB
Node 0 NFS_Unstable:          0 kB
Node 0 Bounce:                0 kB
Node 0 WritebackTmp:          0 kB
Node 0 KReclaimable:      93716 kB
Node 0 Slab:             254616 kB
Node 0 SReclaimable:      93716 kB
Node 0 SUnreclaim:       160900 kB
Node 0 AnonHugePages:         0 kB
Node 0 ShmemHugePages:        0 kB
Node 0 ShmemPmdMapped:        0 kB
Node 0 FileHugePages:        0 kB
Node 0 FilePmdMapped:        0 kB
Node 0 HugePages_Total:     0
Node 0 HugePages_Free:      0
Node 0 HugePages_Surp:      0
Name:	sh
Umask:	0022
State:	S (sleeping)
Tgid:	250707
Ngid:	0
Pid:	250707
PPid:	250691
TracerPid:	0
Uid:	0	0	0	0
Gid:	0	0	0	0
FDSize:	256
Groups:	0 
NStgid:	250707
NSpid:	250707
NSpgid:	250690
NSsid:	49746
VmPeak:	    2616 kB
VmSize:	    2616 kB
VmLck:	       0 kB
VmPin:	       0 kB
VmHWM:	     608 kB
VmRSS:	     608 kB
RssAnon:	      68 kB
RssFile:	     540 kB
RssShmem:	       0 kB
VmData:	     188 kB
VmStk:	     132 kB
VmExe:	      76 kB
VmLib:	    1652 kB
VmPTE:	      44 kB
VmSwap:	       0 kB
HugetlbPages:	       0 kB
CoreDumping:	0
THP_enabled:	1
Threads:	1
SigQ:	1/127044
SigPnd:	0000000000000000
ShdPnd:	0000000000000000
SigBlk:	0000000000000000
SigIgn:	0000000000000006
SigCgt:	0000000000010000
CapInh:	0000000000000000
CapPrm:	000001ffffffffff
CapEff:	000001ffffffffff
CapBnd:	000001ffffffffff
CapAmb:	0000000000000000
NoNewPrivs:	0
Seccomp:	0
Seccomp_filters:	0
Speculation_Store_Bypass:	thread vulnerable
Cpus_allowed:	fff
Cpus_allowed_list:	0-11
Mems_allowed:	00000000,00000000,00000000,00000000,00000000,00000000,00000000,00000000,00000000,00000000,00000000,00000000,00000000,00000000,00000000,00000000,00000000,00000000,00000000,00000000,00000000,00000000,00000000,00000000,00000000,00000000,00000000,00000000,00000000,00000000,00000000,00000001
Mems_allowed_list:	0
voluntary_ctxt_switches:	2
nonvoluntary_ctxt_switches:	0
Name:	sh
Umask:	0022
State:	S (sleeping)
Tgid:	250707
Ngid:	0
Pid:	250707
PPid:	250691
TracerPid:	0
Uid:	0	0	0	0
Gid:	0	0	0	0
FDSize:	256
Groups:	0 
NStgid:	250707
NSpid:	250707
NSpgid:	250690
NSsid:	49746
VmPeak:	    2616 kB
VmSize:	    2616 kB
VmLck:	       0 kB
VmPin:	       0 kB
VmHWM:	     608 kB
VmRSS:	     608 kB
RssAnon:	      68 kB
RssFile:	     540 kB
RssShmem:	       0 kB
VmData:	     188 kB
VmStk:	     132 kB
VmExe:	      76 kB
VmLib:	    1652 kB
VmPTE:	      44 kB
VmSwap:	       0 kB
HugetlbPages:	       0 kB
CoreDumping:	0
THP_enabled:	1
Threads:	1
SigQ:	2/127044
SigPnd:	0000000000000000
ShdPnd:	0000000000000000
SigBlk:	0000000000000000
SigIgn:	0000000000000006
SigCgt:	0000000000010000
CapInh:	0000000000000000
CapPrm:	000001ffffffffff
CapEff:	000001ffffffffff
CapBnd:	000001ffffffffff
CapAmb:	0000000000000000
NoNewPrivs:	0
Seccomp:	0
Seccomp_filters:	0
Speculation_Store_Bypass:	thread vulnerable
Cpus_allowed:	fff
Cpus_allowed_list:	0-11
Mems_allowed:	00000000,00000000,00000000,00000000,00000000,00000000,00000000,00000000,00000000,00000000,00000000,00000000,00000000,00000000,00000000,00000000,00000000,00000000,00000000,00000000,00000000,00000000,00000000,00000000,00000000,00000000,00000000,00000000,00000000,00000000,00000000,00000001
Mems_allowed_list:	0
voluntary_ctxt_switches:	2
nonvoluntary_ctxt_switches:	0
Node 0 MemTotal:       32581320 kB
Node 0 MemFree:        25122244 kB
Node 0 MemUsed:         7459076 kB
Node 0 Active:           912060 kB
Node 0 Inactive:        6017100 kB
Node 0 Active(anon):       9036 kB
Node 0 Inactive(anon):  5408828 kB
Node 0 Active(file):     903024 kB
Node 0 Inactive(file):   608272 kB
Node 0 Unevictable:       91604 kB
Node 0 Mlocked:              64 kB
Node 0 Dirty:              1532 kB
Node 0 Writeback:             0 kB
Node 0 FilePages:       2181324 kB
Node 0 Mapped:           915460 kB
Node 0 AnonPages:       4839676 kB
Node 0 Shmem:            670032 kB
Node 0 KernelStack:       22464 kB
Node 0 PageTables:        64676 kB
Node 0 NFS_Unstable:          0 kB
Node 0 Bounce:                0 kB
Node 0 WritebackTmp:          0 kB
Node 0 KReclaimable:      93716 kB
Node 0 Slab:             254616 kB
Node 0 SReclaimable:      93716 kB
Node 0 SUnreclaim:       160900 kB
Node 0 AnonHugePages:         0 kB
Node 0 ShmemHugePages:        0 kB
Node 0 ShmemPmdMapped:        0 kB
Node 0 FileHugePages:        0 kB
Node 0 FilePmdMapped:        0 kB
Node 0 HugePages_Total:     0
Node 0 HugePages_Free:      0
Node 0 HugePages_Surp:      0
Name:	sh
Umask:	0022
State:	S (sleeping)
Tgid:	250707
Ngid:	0
Pid:	250707
PPid:	250691
TracerPid:	0
Uid:	0	0	0	0
Gid:	0	0	0	0
FDSize:	256
Groups:	0 
NStgid:	250707
NSpid:	250707
NSpgid:	250690
NSsid:	49746
VmPeak:	    2616 kB
VmSize:	    2616 kB
VmLck:	       0 kB
VmPin:	       0 kB
VmHWM:	     608 kB
VmRSS:	     608 kB
RssAnon:	      68 kB
RssFile:	     540 kB
RssShmem:	       0 kB
VmData:	     188 kB
VmStk:	     132 kB
VmExe:	      76 kB
VmLib:	    1652 kB
VmPTE:	      44 kB
VmSwap:	       0 kB
HugetlbPages:	       0 kB
CoreDumping:	0
THP_enabled:	1
Threads:	1
SigQ:	1/127044
SigPnd:	0000000000000000
ShdPnd:	0000000000000000
SigBlk:	0000000000000000
SigIgn:	0000000000000006
SigCgt:	0000000000010000
CapInh:	0000000000000000
CapPrm:	000001ffffffffff
CapEff:	000001ffffffffff
CapBnd:	000001ffffffffff
CapAmb:	0000000000000000
NoNewPrivs:	0
Seccomp:	0
Seccomp_filters:	0
Speculation_Store_Bypass:	thread vulnerable
Cpus_allowed:	fff
Cpus_allowed_list:	0-11
Mems_allowed:	00000000,00000000,00000000,00000000,00000000,00000000,00000000,00000000,00000000,00000000,00000000,00000000,00000000,00000000,00000000,00000000,00000000,00000000,00000000,00000000,00000000,00000000,00000000,00000000,00000000,00000000,00000000,00000000,00000000,00000000,00000000,00000001
Mems_allowed_list:	0
voluntary_ctxt_switches:	2
nonvoluntary_ctxt_switches:	0
Node 0 MemTotal:       32581320 kB
Node 0 MemFree:        25122416 kB
Node 0 MemUsed:         7458904 kB
Node 0 Active:           912284 kB
Node 0 Inactive:        6015936 kB
Node 0 Active(anon):       9108 kB
Node 0 Inactive(anon):  5407464 kB
Node 0 Active(file):     903176 kB
Node 0 Inactive(file):   608472 kB
Node 0 Unevictable:       91684 kB
Node 0 Mlocked:              64 kB
Node 0 Dirty:              1860 kB
Node 0 Writeback:             0 kB
Node 0 FilePages:       2181732 kB
Node 0 Mapped:           915336 kB
Node 0 AnonPages:       4838344 kB
Node 0 Shmem:            670088 kB
Node 0 KernelStack:       22304 kB
Node 0 PageTables:        64064 kB
Node 0 NFS_Unstable:          0 kB
Node 0 Bounce:                0 kB
Node 0 WritebackTmp:          0 kB
Node 0 KReclaimable:      93748 kB
Node 0 Slab:             254136 kB
Node 0 SReclaimable:      93748 kB
Node 0 SUnreclaim:       160388 kB
Node 0 AnonHugePages:         0 kB
Node 0 ShmemHugePages:        0 kB
Node 0 ShmemPmdMapped:        0 kB
Node 0 FileHugePages:        0 kB
Node 0 FilePmdMapped:        0 kB
Node 0 HugePages_Total:     0
Node 0 HugePages_Free:      0
Node 0 HugePages_Surp:      0
Name:	sh
Umask:	0022
State:	S (sleeping)
Tgid:	250707
Ngid:	0
Pid:	250707
PPid:	250691
TracerPid:	0
Uid:	0	0	0	0
Gid:	0	0	0	0
FDSize:	256
Groups:	0 
NStgid:	250707
NSpid:	250707
NSpgid:	250690
NSsid:	49746
VmPeak:	    2616 kB
VmSize:	    2616 kB
VmLck:	       0 kB
VmPin:	       0 kB
VmHWM:	     608 kB
VmRSS:	     608 kB
RssAnon:	      68 kB
RssFile:	     540 kB
RssShmem:	       0 kB
VmData:	     188 kB
VmStk:	     132 kB
VmExe:	      76 kB
VmLib:	    1652 kB
VmPTE:	      44 kB
VmSwap:	       0 kB
HugetlbPages:	       0 kB
CoreDumping:	0
THP_enabled:	1
Threads:	1
SigQ:	1/127044
SigPnd:	0000000000000000
ShdPnd:	0000000000000000
SigBlk:	0000000000000000
SigIgn:	0000000000000006
SigCgt:	0000000000010000
CapInh:	0000000000000000
CapPrm:	000001ffffffffff
CapEff:	000001ffffffffff
CapBnd:	000001ffffffffff
CapAmb:	0000000000000000
NoNewPrivs:	0
Seccomp:	0
Seccomp_filters:	0
Speculation_Store_Bypass:	thread vulnerable
Cpus_allowed:	fff
Cpus_allowed_list:	0-11
Mems_allowed:	00000000,00000000,00000000,00000000,00000000,00000000,00000000,00000000,00000000,00000000,00000000,00000000,00000000,00000000,00000000,00000000,00000000,00000000,00000000,00000000,00000000,00000000,00000000,00000000,00000000,00000000,00000000,00000000,00000000,00000000,00000000,00000001
Mems_allowed_list:	0
voluntary_ctxt_switches:	2
nonvoluntary_ctxt_switches:	0
Node 0 MemTotal:       32581320 kB
Node 0 MemFree:        25122728 kB
Node 0 MemUsed:         7458592 kB
Node 0 Active:           912292 kB
Node 0 Inactive:        6015824 kB
Node 0 Active(anon):       9116 kB
Node 0 Inactive(anon):  5407420 kB
Node 0 Active(file):     903176 kB
Node 0 Inactive(file):   608404 kB
Node 0 Unevictable:       91684 kB
Node 0 Mlocked:              64 kB
Node 0 Dirty:              1868 kB
Node 0 Writeback:             0 kB
Node 0 FilePages:       2181664 kB
Node 0 Mapped:           915524 kB
Node 0 AnonPages:       4838276 kB
Node 0 Shmem:            670088 kB
Node 0 KernelStack:       22384 kB
Node 0 PageTables:        63940 kB
Node 0 NFS_Unstable:          0 kB
Node 0 Bounce:                0 kB
Node 0 WritebackTmp:          0 kB
Node 0 KReclaimable:      93748 kB
Node 0 Slab:             253944 kB
Node 0 SReclaimable:      93748 kB
Node 0 SUnreclaim:       160196 kB
Node 0 AnonHugePages:         0 kB
Node 0 ShmemHugePages:        0 kB
Node 0 ShmemPmdMapped:        0 kB
Node 0 FileHugePages:        0 kB
Node 0 FilePmdMapped:        0 kB
Node 0 HugePages_Total:     0
Node 0 HugePages_Free:      0
Node 0 HugePages_Surp:      0
Node 0 MemTotal:       32581320 kB
Node 0 MemFree:        25123460 kB
Node 0 MemUsed:         7457860 kB
Node 0 Active:           912292 kB
Node 0 Inactive:        6015532 kB
Node 0 Active(anon):       9116 kB
Node 0 Inactive(anon):  5407128 kB
Node 0 Active(file):     903176 kB
Node 0 Inactive(file):   608404 kB
Node 0 Unevictable:       91684 kB
Node 0 Mlocked:              64 kB
Node 0 Dirty:              1868 kB
Node 0 Writeback:             0 kB
Node 0 FilePages:       2181664 kB
Node 0 Mapped:           915524 kB
Node 0 AnonPages:       4837692 kB
Node 0 Shmem:            670088 kB
Node 0 KernelStack:       22384 kB
Node 0 PageTables:        63940 kB
Node 0 NFS_Unstable:          0 kB
Node 0 Bounce:                0 kB
Node 0 WritebackTmp:          0 kB
Node 0 KReclaimable:      93748 kB
Node 0 Slab:             253944 kB
Node 0 SReclaimable:      93748 kB
Node 0 SUnreclaim:       160196 kB
Node 0 AnonHugePages:         0 kB
Node 0 ShmemHugePages:        0 kB
Node 0 ShmemPmdMapped:        0 kB
Node 0 FileHugePages:        0 kB
Node 0 FilePmdMapped:        0 kB
Node 0 HugePages_Total:     0
Node 0 HugePages_Free:      0
Node 0 HugePages_Surp:      0
Name:	sh
Umask:	0022
State:	S (sleeping)
Tgid:	250707
Ngid:	0
Pid:	250707
PPid:	250691
TracerPid:	0
Uid:	0	0	0	0
Gid:	0	0	0	0
FDSize:	256
Groups:	0 
NStgid:	250707
NSpid:	250707
NSpgid:	250690
NSsid:	49746
VmPeak:	    2616 kB
VmSize:	    2616 kB
VmLck:	       0 kB
VmPin:	       0 kB
VmHWM:	     608 kB
VmRSS:	     608 kB
RssAnon:	      68 kB
RssFile:	     540 kB
RssShmem:	       0 kB
VmData:	     188 kB
VmStk:	     132 kB
VmExe:	      76 kB
VmLib:	    1652 kB
VmPTE:	      44 kB
VmSwap:	       0 kB
HugetlbPages:	       0 kB
CoreDumping:	0
THP_enabled:	1
Threads:	1
SigQ:	1/127044
SigPnd:	0000000000000000
ShdPnd:	0000000000000000
SigBlk:	0000000000000000
SigIgn:	0000000000000006
SigCgt:	0000000000010000
CapInh:	0000000000000000
CapPrm:	000001ffffffffff
CapEff:	000001ffffffffff
CapBnd:	000001ffffffffff
CapAmb:	0000000000000000
NoNewPrivs:	0
Seccomp:	0
Seccomp_filters:	0
Speculation_Store_Bypass:	thread vulnerable
Cpus_allowed:	fff
Cpus_allowed_list:	0-11
Mems_allowed:	00000000,00000000,00000000,00000000,00000000,00000000,00000000,00000000,00000000,00000000,00000000,00000000,00000000,00000000,00000000,00000000,00000000,00000000,00000000,00000000,00000000,00000000,00000000,00000000,00000000,00000000,00000000,00000000,00000000,00000000,00000000,00000001
Mems_allowed_list:	0
voluntary_ctxt_switches:	2
nonvoluntary_ctxt_switches:	0
Node 0 MemTotal:       32581320 kB
Node 0 MemFree:        25123676 kB
Node 0 MemUsed:         7457644 kB
Node 0 Active:           912292 kB
Node 0 Inactive:        6015532 kB
Node 0 Active(anon):       9116 kB
Node 0 Inactive(anon):  5407128 kB
Node 0 Active(file):     903176 kB
Node 0 Inactive(file):   608404 kB
Node 0 Unevictable:       91684 kB
Node 0 Mlocked:              64 kB
Node 0 Dirty:              1868 kB
Node 0 Writeback:             0 kB
Node 0 FilePages:       2181664 kB
Node 0 Mapped:           915524 kB
Node 0 AnonPages:       4837984 kB
Node 0 Shmem:            670088 kB
Node 0 KernelStack:       22384 kB
Node 0 PageTables:        63068 kB
Node 0 NFS_Unstable:          0 kB
Node 0 Bounce:                0 kB
Node 0 WritebackTmp:          0 kB
Node 0 KReclaimable:      93748 kB
Node 0 Slab:             254240 kB
Node 0 SReclaimable:      93748 kB
Node 0 SUnreclaim:       160492 kB
Node 0 AnonHugePages:         0 kB
Node 0 ShmemHugePages:        0 kB
Node 0 ShmemPmdMapped:        0 kB
Node 0 FileHugePages:        0 kB
Node 0 FilePmdMapped:        0 kB
Node 0 HugePages_Total:     0
Node 0 HugePages_Free:      0
Node 0 HugePages_Surp:      0
Name:	sh
Umask:	0022
State:	S (sleeping)
Tgid:	250707
Ngid:	0
Pid:	250707
PPid:	250691
TracerPid:	0
Uid:	0	0	0	0
Gid:	0	0	0	0
FDSize:	256
Groups:	0 
NStgid:	250707
NSpid:	250707
NSpgid:	250690
NSsid:	49746
VmPeak:	    2616 kB
VmSize:	    2616 kB
VmLck:	       0 kB
VmPin:	       0 kB
VmHWM:	     608 kB
VmRSS:	     608 kB
RssAnon:	      68 kB
RssFile:	     540 kB
RssShmem:	       0 kB
VmData:	     188 kB
VmStk:	     132 kB
VmExe:	      76 kB
VmLib:	    1652 kB
VmPTE:	      44 kB
VmSwap:	       0 kB
HugetlbPages:	       0 kB
CoreDumping:	0
THP_enabled:	1
Threads:	1
SigQ:	1/127044
SigPnd:	0000000000000000
ShdPnd:	0000000000000000
SigBlk:	0000000000000000
SigIgn:	0000000000000006
SigCgt:	0000000000010000
CapInh:	0000000000000000
CapPrm:	000001ffffffffff
CapEff:	000001ffffffffff
CapBnd:	000001ffffffffff
CapAmb:	0000000000000000
NoNewPrivs:	0
Seccomp:	0
Seccomp_filters:	0
Speculation_Store_Bypass:	thread vulnerable
Cpus_allowed:	fff
Cpus_allowed_list:	0-11
Mems_allowed:	00000000,00000000,00000000,00000000,00000000,00000000,00000000,00000000,00000000,00000000,00000000,00000000,00000000,00000000,00000000,00000000,00000000,00000000,00000000,00000000,00000000,00000000,00000000,00000000,00000000,00000000,00000000,00000000,00000000,00000000,00000000,00000001
Mems_allowed_list:	0
voluntary_ctxt_switches:	2
nonvoluntary_ctxt_switches:	0
Name:	sh
Umask:	0022
State:	S (sleeping)
Tgid:	250707
Ngid:	0
Pid:	250707
PPid:	250691
TracerPid:	0
Uid:	0	0	0	0
Gid:	0	0	0	0
FDSize:	256
Groups:	0 
NStgid:	250707
NSpid:	250707
NSpgid:	250690
NSsid:	49746
VmPeak:	    2616 kB
VmSize:	    2616 kB
VmLck:	       0 kB
VmPin:	       0 kB
VmHWM:	     608 kB
VmRSS:	     608 kB
RssAnon:	      68 kB
RssFile:	     540 kB
RssShmem:	       0 kB
VmData:	     188 kB
VmStk:	     132 kB
VmExe:	      76 kB
VmLib:	    1652 kB
VmPTE:	      44 kB
VmSwap:	       0 kB
HugetlbPages:	       0 kB
CoreDumping:	0
THP_enabled:	1
Threads:	1
SigQ:	1/127044
SigPnd:	0000000000000000
ShdPnd:	0000000000000000
SigBlk:	0000000000000000
SigIgn:	0000000000000006
SigCgt:	0000000000010000
CapInh:	0000000000000000
CapPrm:	000001ffffffffff
CapEff:	000001ffffffffff
CapBnd:	000001ffffffffff
CapAmb:	0000000000000000
NoNewPrivs:	0
Seccomp:	0
Seccomp_filters:	0
Speculation_Store_Bypass:	thread vulnerable
Cpus_allowed:	fff
Cpus_allowed_list:	0-11
Mems_allowed:	00000000,00000000,00000000,00000000,00000000,00000000,00000000,00000000,00000000,00000000,00000000,00000000,00000000,00000000,00000000,00000000,00000000,00000000,00000000,00000000,00000000,00000000,00000000,00000000,00000000,00000000,00000000,00000000,00000000,00000000,00000000,00000001
Mems_allowed_list:	0
voluntary_ctxt_switches:	2
nonvoluntary_ctxt_switches:	0
Node 0 MemTotal:       32581320 kB
Node 0 MemFree:        25123688 kB
Node 0 MemUsed:         7457632 kB
Node 0 Active:           912292 kB
Node 0 Inactive:        6016116 kB
Node 0 Active(anon):       9116 kB
Node 0 Inactive(anon):  5407712 kB
Node 0 Active(file):     903176 kB
Node 0 Inactive(file):   608404 kB
Node 0 Unevictable:       91684 kB
Node 0 Mlocked:              64 kB
Node 0 Dirty:              1868 kB
Node 0 Writeback:             0 kB
Node 0 FilePages:       2181664 kB
Node 0 Mapped:           915816 kB
Node 0 AnonPages:       4838568 kB
Node 0 Shmem:            670088 kB
Node 0 KernelStack:       22464 kB
Node 0 PageTables:        63068 kB
Node 0 NFS_Unstable:          0 kB
Node 0 Bounce:                0 kB
Node 0 WritebackTmp:          0 kB
Node 0 KReclaimable:      93748 kB
Node 0 Slab:             254240 kB
Node 0 SReclaimable:      93748 kB
Node 0 SUnreclaim:       160492 kB
Node 0 AnonHugePages:         0 kB
Node 0 ShmemHugePages:        0 kB
Node 0 ShmemPmdMapped:        0 kB
Node 0 FileHugePages:        0 kB
Node 0 FilePmdMapped:        0 kB
Node 0 HugePages_Total:     0
Node 0 HugePages_Free:      0
Node 0 HugePages_Surp:      0
Name:	sh
Umask:	0022
State:	S (sleeping)
Tgid:	250707
Ngid:	0
Pid:	250707
PPid:	250691
TracerPid:	0
Uid:	0	0	0	0
Gid:	0	0	0	0
FDSize:	256
Groups:	0 
NStgid:	250707
NSpid:	250707
NSpgid:	250690
NSsid:	49746
VmPeak:	    2616 kB
VmSize:	    2616 kB
VmLck:	       0 kB
VmPin:	       0 kB
VmHWM:	     608 kB
VmRSS:	     608 kB
RssAnon:	      68 kB
RssFile:	     540 kB
RssShmem:	       0 kB
VmData:	     188 kB
VmStk:	     132 kB
VmExe:	      76 kB
VmLib:	    1652 kB
VmPTE:	      44 kB
VmSwap:	       0 kB
HugetlbPages:	       0 kB
CoreDumping:	0
THP_enabled:	1
Threads:	1
SigQ:	1/127044
SigPnd:	0000000000000000
ShdPnd:	0000000000000000
SigBlk:	0000000000000000
SigIgn:	0000000000000006
SigCgt:	0000000000010000
CapInh:	0000000000000000
CapPrm:	000001ffffffffff
CapEff:	000001ffffffffff
CapBnd:	000001ffffffffff
CapAmb:	0000000000000000
NoNewPrivs:	0
Seccomp:	0
Seccomp_filters:	0
Speculation_Store_Bypass:	thread vulnerable
Cpus_allowed:	fff
Cpus_allowed_list:	0-11
Mems_allowed:	00000000,00000000,00000000,00000000,00000000,00000000,00000000,00000000,00000000,00000000,00000000,00000000,00000000,00000000,00000000,00000000,00000000,00000000,00000000,00000000,00000000,00000000,00000000,00000000,00000000,00000000,00000000,00000000,00000000,00000000,00000000,00000001
Mems_allowed_list:	0
voluntary_ctxt_switches:	2
nonvoluntary_ctxt_switches:	0
Node 0 MemTotal:       32581320 kB
Node 0 MemFree:        25124564 kB
Node 0 MemUsed:         7456756 kB
Node 0 Active:           912292 kB
Node 0 Inactive:        6016116 kB
Node 0 Active(anon):       9116 kB
Node 0 Inactive(anon):  5407712 kB
Node 0 Active(file):     903176 kB
Node 0 Inactive(file):   608404 kB
Node 0 Unevictable:       91684 kB
Node 0 Mlocked:              64 kB
Node 0 Dirty:              1868 kB
Node 0 Writeback:             0 kB
Node 0 FilePages:       2181664 kB
Node 0 Mapped:           915816 kB
Node 0 AnonPages:       4838276 kB
Node 0 Shmem:            670088 kB
Node 0 KernelStack:       22384 kB
Node 0 PageTables:        63504 kB
Node 0 NFS_Unstable:          0 kB
Node 0 Bounce:                0 kB
Node 0 WritebackTmp:          0 kB
Node 0 KReclaimable:      93748 kB
Node 0 Slab:             254536 kB
Node 0 SReclaimable:      93748 kB
Node 0 SUnreclaim:       160788 kB
Node 0 AnonHugePages:         0 kB
Node 0 ShmemHugePages:        0 kB
Node 0 ShmemPmdMapped:        0 kB
Node 0 FileHugePages:        0 kB
Node 0 FilePmdMapped:        0 kB
Node 0 HugePages_Total:     0
Node 0 HugePages_Free:      0
Node 0 HugePages_Surp:      0
Name:	sh
Umask:	0022
State:	S (sleeping)
Tgid:	250707
Ngid:	0
Pid:	250707
PPid:	250691
TracerPid:	0
Uid:	0	0	0	0
Gid:	0	0	0	0
FDSize:	256
Groups:	0 
NStgid:	250707
NSpid:	250707
NSpgid:	250690
NSsid:	49746
VmPeak:	    2616 kB
VmSize:	    2616 kB
VmLck:	       0 kB
VmPin:	       0 kB
VmHWM:	     608 kB
VmRSS:	     608 kB
RssAnon:	      68 kB
RssFile:	     540 kB
RssShmem:	       0 kB
VmData:	     188 kB
VmStk:	     132 kB
VmExe:	      76 kB
VmLib:	    1652 kB
VmPTE:	      44 kB
VmSwap:	       0 kB
HugetlbPages:	       0 kB
CoreDumping:	0
THP_enabled:	1
Threads:	1
SigQ:	1/127044
SigPnd:	0000000000000000
ShdPnd:	0000000000000000
SigBlk:	0000000000000000
SigIgn:	0000000000000006
SigCgt:	0000000000010000
CapInh:	0000000000000000
CapPrm:	000001ffffffffff
CapEff:	000001ffffffffff
CapBnd:	000001ffffffffff
CapAmb:	0000000000000000
NoNewPrivs:	0
Seccomp:	0
Seccomp_filters:	0
Speculation_Store_Bypass:	thread vulnerable
Cpus_allowed:	fff
Cpus_allowed_list:	0-11
Mems_allowed:	00000000,00000000,00000000,00000000,00000000,00000000,00000000,00000000,00000000,00000000,00000000,00000000,00000000,00000000,00000000,00000000,00000000,00000000,00000000,00000000,00000000,00000000,00000000,00000000,00000000,00000000,00000000,00000000,00000000,00000000,00000000,00000001
Mems_allowed_list:	0
voluntary_ctxt_switches:	2
nonvoluntary_ctxt_switches:	0
Node 0 MemTotal:       32581320 kB
Node 0 MemFree:        25124176 kB
Node 0 MemUsed:         7457144 kB
Node 0 Active:           912292 kB
Node 0 Inactive:        6016408 kB
Node 0 Active(anon):       9116 kB
Node 0 Inactive(anon):  5408004 kB
Node 0 Active(file):     903176 kB
Node 0 Inactive(file):   608404 kB
Node 0 Unevictable:       91684 kB
Node 0 Mlocked:              64 kB
Node 0 Dirty:              1868 kB
Node 0 Writeback:             0 kB
Node 0 FilePages:       2181664 kB
Node 0 Mapped:           915816 kB
Node 0 AnonPages:       4838860 kB
Node 0 Shmem:            670088 kB
Node 0 KernelStack:       22384 kB
Node 0 PageTables:        63940 kB
Node 0 NFS_Unstable:          0 kB
Node 0 Bounce:                0 kB
Node 0 WritebackTmp:          0 kB
Node 0 KReclaimable:      93748 kB
Node 0 Slab:             254536 kB
Node 0 SReclaimable:      93748 kB
Node 0 SUnreclaim:       160788 kB
Node 0 AnonHugePages:         0 kB
Node 0 ShmemHugePages:        0 kB
Node 0 ShmemPmdMapped:        0 kB
Node 0 FileHugePages:        0 kB
Node 0 FilePmdMapped:        0 kB
Node 0 HugePages_Total:     0
Node 0 HugePages_Free:      0
Node 0 HugePages_Surp:      0
Name:	sh
Umask:	0022
State:	S (sleeping)
Tgid:	250707
Ngid:	0
Pid:	250707
PPid:	250691
TracerPid:	0
Uid:	0	0	0	0
Gid:	0	0	0	0
FDSize:	256
Groups:	0 
NStgid:	250707
NSpid:	250707
NSpgid:	250690
NSsid:	49746
VmPeak:	    2616 kB
VmSize:	    2616 kB
VmLck:	       0 kB
VmPin:	       0 kB
VmHWM:	     608 kB
VmRSS:	     608 kB
RssAnon:	      68 kB
RssFile:	     540 kB
RssShmem:	       0 kB
VmData:	     188 kB
VmStk:	     132 kB
VmExe:	      76 kB
VmLib:	    1652 kB
VmPTE:	      44 kB
VmSwap:	       0 kB
HugetlbPages:	       0 kB
CoreDumping:	0
THP_enabled:	1
Threads:	1
SigQ:	1/127044
SigPnd:	0000000000000000
ShdPnd:	0000000000000000
SigBlk:	0000000000000000
SigIgn:	0000000000000006
SigCgt:	0000000000010000
CapInh:	0000000000000000
CapPrm:	000001ffffffffff
CapEff:	000001ffffffffff
CapBnd:	000001ffffffffff
CapAmb:	0000000000000000
NoNewPrivs:	0
Seccomp:	0
Seccomp_filters:	0
Speculation_Store_Bypass:	thread vulnerable
Cpus_allowed:	fff
Cpus_allowed_list:	0-11
Mems_allowed:	00000000,00000000,00000000,00000000,00000000,00000000,00000000,00000000,00000000,00000000,00000000,00000000,00000000,00000000,00000000,00000000,00000000,00000000,00000000,00000000,00000000,00000000,00000000,00000000,00000000,00000000,00000000,00000000,00000000,00000000,00000000,00000001
Mems_allowed_list:	0
voluntary_ctxt_switches:	2
nonvoluntary_ctxt_switches:	0
Node 0 MemTotal:       32581320 kB
Node 0 MemFree:        25124468 kB
Node 0 MemUsed:         7456852 kB
Node 0 Active:           912292 kB
Node 0 Inactive:        6016408 kB
Node 0 Active(anon):       9116 kB
Node 0 Inactive(anon):  5408004 kB
Node 0 Active(file):     903176 kB
Node 0 Inactive(file):   608404 kB
Node 0 Unevictable:       91684 kB
Node 0 Mlocked:              64 kB
Node 0 Dirty:              1868 kB
Node 0 Writeback:             0 kB
Node 0 FilePages:       2181664 kB
Node 0 Mapped:           915816 kB
Node 0 AnonPages:       4838568 kB
Node 0 Shmem:            670088 kB
Node 0 KernelStack:       22384 kB
Node 0 PageTables:        63504 kB
Node 0 NFS_Unstable:          0 kB
Node 0 Bounce:                0 kB
Node 0 WritebackTmp:          0 kB
Node 0 KReclaimable:      93748 kB
Node 0 Slab:             254536 kB
Node 0 SReclaimable:      93748 kB
Node 0 SUnreclaim:       160788 kB
Node 0 AnonHugePages:         0 kB
Node 0 ShmemHugePages:        0 kB
Node 0 ShmemPmdMapped:        0 kB
Node 0 FileHugePages:        0 kB
Node 0 FilePmdMapped:        0 kB
Node 0 HugePages_Total:     0
Node 0 HugePages_Free:      0
Node 0 HugePages_Surp:      0
Name:	sh
Umask:	0022
State:	S (sleeping)
Tgid:	250707
Ngid:	0
Pid:	250707
PPid:	250691
TracerPid:	0
Uid:	0	0	0	0
Gid:	0	0	0	0
FDSize:	256
Groups:	0 
NStgid:	250707
NSpid:	250707
NSpgid:	250690
NSsid:	49746
VmPeak:	    2616 kB
VmSize:	    2616 kB
VmLck:	       0 kB
VmPin:	       0 kB
VmHWM:	     608 kB
VmRSS:	     608 kB
RssAnon:	      68 kB
RssFile:	     540 kB
RssShmem:	       0 kB
VmData:	     188 kB
VmStk:	     132 kB
VmExe:	      76 kB
VmLib:	    1652 kB
VmPTE:	      44 kB
VmSwap:	       0 kB
HugetlbPages:	       0 kB
CoreDumping:	0
THP_enabled:	1
Threads:	1
SigQ:	1/127044
SigPnd:	0000000000000000
ShdPnd:	0000000000000000
SigBlk:	0000000000000000
SigIgn:	0000000000000006
SigCgt:	0000000000010000
CapInh:	0000000000000000
CapPrm:	000001ffffffffff
CapEff:	000001ffffffffff
CapBnd:	000001ffffffffff
CapAmb:	0000000000000000
NoNewPrivs:	0
Seccomp:	0
Seccomp_filters:	0
Speculation_Store_Bypass:	thread vulnerable
Cpus_allowed:	fff
Cpus_allowed_list:	0-11
Mems_allowed:	00000000,00000000,00000000,00000000,00000000,00000000,00000000,00000000,00000000,00000000,00000000,00000000,00000000,00000000,00000000,00000000,00000000,00000000,00000000,00000000,00000000,00000000,00000000,00000000,00000000,00000000,00000000,00000000,00000000,00000000,00000000,00000001
Mems_allowed_list:	0
voluntary_ctxt_switches:	2
nonvoluntary_ctxt_switches:	0
Node 0 MemTotal:       32581320 kB
Node 0 MemFree:        25123536 kB
Node 0 MemUsed:         7457784 kB
Node 0 Active:           912292 kB
Node 0 Inactive:        6020204 kB
Node 0 Active(anon):       9116 kB
Node 0 Inactive(anon):  5411800 kB
Node 0 Active(file):     903176 kB
Node 0 Inactive(file):   608404 kB
Node 0 Unevictable:       88180 kB
Node 0 Mlocked:              64 kB
Node 0 Dirty:              1868 kB
Node 0 Writeback:             0 kB
Node 0 FilePages:       2181664 kB
Node 0 Mapped:           916108 kB
Node 0 AnonPages:       4839152 kB
Node 0 Shmem:            670088 kB
Node 0 KernelStack:       22384 kB
Node 0 PageTables:        63940 kB
Node 0 NFS_Unstable:          0 kB
Node 0 Bounce:                0 kB
Node 0 WritebackTmp:          0 kB
Node 0 KReclaimable:      93748 kB
Node 0 Slab:             254536 kB
Node 0 SReclaimable:      93748 kB
Node 0 SUnreclaim:       160788 kB
Node 0 AnonHugePages:         0 kB
Node 0 ShmemHugePages:        0 kB
Node 0 ShmemPmdMapped:        0 kB
Node 0 FileHugePages:        0 kB
Node 0 FilePmdMapped:        0 kB
Node 0 HugePages_Total:     0
Node 0 HugePages_Free:      0
Node 0 HugePages_Surp:      0
Name:	sh
Umask:	0022
State:	S (sleeping)
Tgid:	250707
Ngid:	0
Pid:	250707
PPid:	250691
TracerPid:	0
Uid:	0	0	0	0
Gid:	0	0	0	0
FDSize:	256
Groups:	0 
NStgid:	250707
NSpid:	250707
NSpgid:	250690
NSsid:	49746
VmPeak:	    2616 kB
VmSize:	    2616 kB
VmLck:	       0 kB
VmPin:	       0 kB
VmHWM:	     608 kB
VmRSS:	     608 kB
RssAnon:	      68 kB
RssFile:	     540 kB
RssShmem:	       0 kB
VmData:	     188 kB
VmStk:	     132 kB
VmExe:	      76 kB
VmLib:	    1652 kB
VmPTE:	      44 kB
VmSwap:	       0 kB
HugetlbPages:	       0 kB
CoreDumping:	0
THP_enabled:	1
Threads:	1
SigQ:	1/127044
SigPnd:	0000000000000000
ShdPnd:	0000000000000000
SigBlk:	0000000000000000
SigIgn:	0000000000000006
SigCgt:	0000000000010000
CapInh:	0000000000000000
CapPrm:	000001ffffffffff
CapEff:	000001ffffffffff
CapBnd:	000001ffffffffff
CapAmb:	0000000000000000
NoNewPrivs:	0
Seccomp:	0
Seccomp_filters:	0
Speculation_Store_Bypass:	thread vulnerable
Cpus_allowed:	fff
Cpus_allowed_list:	0-11
Mems_allowed:	00000000,00000000,00000000,00000000,00000000,00000000,00000000,00000000,00000000,00000000,00000000,00000000,00000000,00000000,00000000,00000000,00000000,00000000,00000000,00000000,00000000,00000000,00000000,00000000,00000000,00000000,00000000,00000000,00000000,00000000,00000000,00000001
Mems_allowed_list:	0
voluntary_ctxt_switches:	2
nonvoluntary_ctxt_switches:	0
Node 0 MemTotal:       32581320 kB
Node 0 MemFree:        25127328 kB
Node 0 MemUsed:         7453992 kB
Node 0 Active:           912292 kB
Node 0 Inactive:        6016700 kB
Node 0 Active(anon):       9116 kB
Node 0 Inactive(anon):  5408296 kB
Node 0 Active(file):     903176 kB
Node 0 Inactive(file):   608404 kB
Node 0 Unevictable:       88180 kB
Node 0 Mlocked:              64 kB
Node 0 Dirty:              1868 kB
Node 0 Writeback:             0 kB
Node 0 FilePages:       2178160 kB
Node 0 Mapped:           916692 kB
Node 0 AnonPages:       4838568 kB
Node 0 Shmem:            666584 kB
Node 0 KernelStack:       22544 kB
Node 0 PageTables:        63940 kB
Node 0 NFS_Unstable:          0 kB
Node 0 Bounce:                0 kB
Node 0 WritebackTmp:          0 kB
Node 0 KReclaimable:      93748 kB
Node 0 Slab:             254536 kB
Node 0 SReclaimable:      93748 kB
Node 0 SUnreclaim:       160788 kB
Node 0 AnonHugePages:         0 kB
Node 0 ShmemHugePages:        0 kB
Node 0 ShmemPmdMapped:        0 kB
Node 0 FileHugePages:        0 kB
Node 0 FilePmdMapped:        0 kB
Node 0 HugePages_Total:     0
Node 0 HugePages_Free:      0
Node 0 HugePages_Surp:      0
Name:	sh
Umask:	0022
State:	S (sleeping)
Tgid:	250707
Ngid:	0
Pid:	250707
PPid:	250691
TracerPid:	0
Uid:	0	0	0	0
Gid:	0	0	0	0
FDSize:	256
Groups:	0 
NStgid:	250707
NSpid:	250707
NSpgid:	250690
NSsid:	49746
VmPeak:	    2616 kB
VmSize:	    2616 kB
VmLck:	       0 kB
VmPin:	       0 kB
VmHWM:	     608 kB
VmRSS:	     608 kB
RssAnon:	      68 kB
RssFile:	     540 kB
RssShmem:	       0 kB
VmData:	     188 kB
VmStk:	     132 kB
VmExe:	      76 kB
VmLib:	    1652 kB
VmPTE:	      44 kB
VmSwap:	       0 kB
HugetlbPages:	       0 kB
CoreDumping:	0
THP_enabled:	1
Threads:	1
SigQ:	1/127044
SigPnd:	0000000000000000
ShdPnd:	0000000000000000
SigBlk:	0000000000000000
SigIgn:	0000000000000006
SigCgt:	0000000000010000
CapInh:	0000000000000000
CapPrm:	000001ffffffffff
CapEff:	000001ffffffffff
CapBnd:	000001ffffffffff
CapAmb:	0000000000000000
NoNewPrivs:	0
Seccomp:	0
Seccomp_filters:	0
Speculation_Store_Bypass:	thread vulnerable
Cpus_allowed:	fff
Cpus_allowed_list:	0-11
Mems_allowed:	00000000,00000000,00000000,00000000,00000000,00000000,00000000,00000000,00000000,00000000,00000000,00000000,00000000,00000000,00000000,00000000,00000000,00000000,00000000,00000000,00000000,00000000,00000000,00000000,00000000,00000000,00000000,00000000,00000000,00000000,00000000,00000001
Mems_allowed_list:	0
voluntary_ctxt_switches:	2
nonvoluntary_ctxt_switches:	0
Node 0 MemTotal:       32581320 kB
Node 0 MemFree:        25126424 kB
Node 0 MemUsed:         7454896 kB
Node 0 Active:           912292 kB
Node 0 Inactive:        6016992 kB
Node 0 Active(anon):       9116 kB
Node 0 Inactive(anon):  5408588 kB
Node 0 Active(file):     903176 kB
Node 0 Inactive(file):   608404 kB
Node 0 Unevictable:       88180 kB
Node 0 Mlocked:              64 kB
Node 0 Dirty:              1868 kB
Node 0 Writeback:             0 kB
Node 0 FilePages:       2178160 kB
Node 0 Mapped:           916692 kB
Node 0 AnonPages:       4838860 kB
Node 0 Shmem:            666584 kB
Node 0 KernelStack:       22544 kB
Node 0 PageTables:        64376 kB
Node 0 NFS_Unstable:          0 kB
Node 0 Bounce:                0 kB
Node 0 WritebackTmp:          0 kB
Node 0 KReclaimable:      93748 kB
Node 0 Slab:             254832 kB
Node 0 SReclaimable:      93748 kB
Node 0 SUnreclaim:       161084 kB
Node 0 AnonHugePages:         0 kB
Node 0 ShmemHugePages:        0 kB
Node 0 ShmemPmdMapped:        0 kB
Node 0 FileHugePages:        0 kB
Node 0 FilePmdMapped:        0 kB
Node 0 HugePages_Total:     0
Node 0 HugePages_Free:      0
Node 0 HugePages_Surp:      0
Name:	sh
Umask:	0022
State:	S (sleeping)
Tgid:	250707
Ngid:	0
Pid:	250707
PPid:	250691
TracerPid:	0
Uid:	0	0	0	0
Gid:	0	0	0	0
FDSize:	256
Groups:	0 
NStgid:	250707
NSpid:	250707
NSpgid:	250690
NSsid:	49746
VmPeak:	    2616 kB
VmSize:	    2616 kB
VmLck:	       0 kB
VmPin:	       0 kB
VmHWM:	     608 kB
VmRSS:	     608 kB
RssAnon:	      68 kB
RssFile:	     540 kB
RssShmem:	       0 kB
VmData:	     188 kB
VmStk:	     132 kB
VmExe:	      76 kB
VmLib:	    1652 kB
VmPTE:	      44 kB
VmSwap:	       0 kB
HugetlbPages:	       0 kB
CoreDumping:	0
THP_enabled:	1
Threads:	1
SigQ:	1/127044
SigPnd:	0000000000000000
ShdPnd:	0000000000000000
SigBlk:	0000000000000000
SigIgn:	0000000000000006
SigCgt:	0000000000010000
CapInh:	0000000000000000
CapPrm:	000001ffffffffff
CapEff:	000001ffffffffff
CapBnd:	000001ffffffffff
CapAmb:	0000000000000000
NoNewPrivs:	0
Seccomp:	0
Seccomp_filters:	0
Speculation_Store_Bypass:	thread vulnerable
Cpus_allowed:	fff
Cpus_allowed_list:	0-11
Mems_allowed:	00000000,00000000,00000000,00000000,00000000,00000000,00000000,00000000,00000000,00000000,00000000,00000000,00000000,00000000,00000000,00000000,00000000,00000000,00000000,00000000,00000000,00000000,00000000,00000000,00000000,00000000,00000000,00000000,00000000,00000000,00000000,00000001
Mems_allowed_list:	0
voluntary_ctxt_switches:	2
nonvoluntary_ctxt_switches:	0
Node 0 MemTotal:       32581320 kB
Node 0 MemFree:        25125648 kB
Node 0 MemUsed:         7455672 kB
Node 0 Active:           912292 kB
Node 0 Inactive:        6016408 kB
Node 0 Active(anon):       9116 kB
Node 0 Inactive(anon):  5408004 kB
Node 0 Active(file):     903176 kB
Node 0 Inactive(file):   608404 kB
Node 0 Unevictable:       88180 kB
Node 0 Mlocked:              64 kB
Node 0 Dirty:              1868 kB
Node 0 Writeback:             0 kB
Node 0 FilePages:       2178160 kB
Node 0 Mapped:           916692 kB
Node 0 AnonPages:       4838860 kB
Node 0 Shmem:            666584 kB
Node 0 KernelStack:       22464 kB
Node 0 PageTables:        64812 kB
Node 0 NFS_Unstable:          0 kB
Node 0 Bounce:                0 kB
Node 0 WritebackTmp:          0 kB
Node 0 KReclaimable:      93748 kB
Node 0 Slab:             254536 kB
Node 0 SReclaimable:      93748 kB
Node 0 SUnreclaim:       160788 kB
Node 0 AnonHugePages:         0 kB
Node 0 ShmemHugePages:        0 kB
Node 0 ShmemPmdMapped:        0 kB
Node 0 FileHugePages:        0 kB
Node 0 FilePmdMapped:        0 kB
Node 0 HugePages_Total:     0
Node 0 HugePages_Free:      0
Node 0 HugePages_Surp:      0
Name:	sh
Umask:	0022
State:	S (sleeping)
Tgid:	250707
Ngid:	0
Pid:	250707
PPid:	250691
TracerPid:	0
Uid:	0	0	0	0
Gid:	0	0	0	0
FDSize:	256
Groups:	0 
NStgid:	250707
NSpid:	250707
NSpgid:	250690
NSsid:	49746
VmPeak:	    2616 kB
VmSize:	    2616 kB
VmLck:	       0 kB
VmPin:	       0 kB
VmHWM:	     608 kB
VmRSS:	     608 kB
RssAnon:	      68 kB
RssFile:	     540 kB
RssShmem:	       0 kB
VmData:	     188 kB
VmStk:	     132 kB
VmExe:	      76 kB
VmLib:	    1652 kB
VmPTE:	      44 kB
VmSwap:	       0 kB
HugetlbPages:	       0 kB
CoreDumping:	0
THP_enabled:	1
Threads:	1
SigQ:	1/127044
SigPnd:	0000000000000000
ShdPnd:	0000000000000000
SigBlk:	0000000000000000
SigIgn:	0000000000000006
SigCgt:	0000000000010000
CapInh:	0000000000000000
CapPrm:	000001ffffffffff
CapEff:	000001ffffffffff
CapBnd:	000001ffffffffff
CapAmb:	0000000000000000
NoNewPrivs:	0
Seccomp:	0
Seccomp_filters:	0
Speculation_Store_Bypass:	thread vulnerable
Cpus_allowed:	fff
Cpus_allowed_list:	0-11
Mems_allowed:	00000000,00000000,00000000,00000000,00000000,00000000,00000000,00000000,00000000,00000000,00000000,00000000,00000000,00000000,00000000,00000000,00000000,00000000,00000000,00000000,00000000,00000000,00000000,00000000,00000000,00000000,00000000,00000000,00000000,00000000,00000000,00000001
Mems_allowed_list:	0
voluntary_ctxt_switches:	2
nonvoluntary_ctxt_switches:	0
Node 0 MemTotal:       32581320 kB
Node 0 MemFree:        25125816 kB
Node 0 MemUsed:         7455504 kB
Node 0 Active:           912292 kB
Node 0 Inactive:        6016408 kB
Node 0 Active(anon):       9116 kB
Node 0 Inactive(anon):  5408004 kB
Node 0 Active(file):     903176 kB
Node 0 Inactive(file):   608404 kB
Node 0 Unevictable:       88180 kB
Node 0 Mlocked:              64 kB
Node 0 Dirty:              1868 kB
Node 0 Writeback:             0 kB
Node 0 FilePages:       2178160 kB
